Dec 11 18:21:40 localhost kernel: imklog 5.8.10, log source = /proc/kmsg started.
Dec 11 18:21:40 localhost rsyslogd: [origin software="rsyslogd" swVersion="5.8.10" x-pid="1483" x-info="http://www.rsyslog.com"] start
Dec 11 18:21:40 localhost kernel: Initializing cgroup subsys cpuset
Dec 11 18:21:40 localhost kernel: Initializing cgroup subsys cpu
Dec 11 18:21:40 localhost kernel: Linux version 2.6.32-504.el6.x86_64 (mockbuild@c6b9.bsys.dev.centos.org) (gcc version 4.4.7 20120313 (Red Hat 4.4.7-11) (GCC) ) #1 SMP Wed Oct 15 04:27:16 UTC 2014
Dec 11 18:21:40 localhost kernel: Command line: ro root=/dev/mapper/vg_localhost-lv_root rd_NO_LUKS LANG=en_US.UTF-8 rd_NO_MD rd_LVM_LV=vg_localhost/lv_swap SYSFONT=latarcyrheb-sun16 crashkernel=auto rd_LVM_LV=vg_localhost/lv_root  KEYBOARDTYPE=pc KEYTABLE=us rd_NO_DM rhgb quiet
Dec 11 18:21:40 localhost kernel: KERNEL supported cpus:
Dec 11 18:21:40 localhost kernel:  Intel GenuineIntel
Dec 11 18:21:40 localhost kernel:  AMD AuthenticAMD
Dec 11 18:21:40 localhost kernel:  Centaur CentaurHauls
Dec 11 18:21:40 localhost kernel: BIOS-provided physical RAM map:
Dec 11 18:21:40 localhost kernel: BIOS-e820: 0000000000000000 - 000000000009ec00 (usable)
Dec 11 18:21:40 localhost kernel: BIOS-e820: 000000000009ec00 - 00000000000a0000 (reserved)
Dec 11 18:21:40 localhost kernel: BIOS-e820: 00000000000e0000 - 0000000000100000 (reserved)
Dec 11 18:21:40 localhost kernel: BIOS-e820: 0000000000100000 - 00000000bf8ee000 (usable)
Dec 11 18:21:40 localhost kernel: BIOS-e820: 00000000bf8ee000 - 00000000bf940000 (reserved)
Dec 11 18:21:40 localhost kernel: BIOS-e820: 00000000bf940000 - 00000000bfb43000 (ACPI NVS)
Dec 11 18:21:40 localhost kernel: BIOS-e820: 00000000bfb43000 - 00000000bfe29000 (usable)
Dec 11 18:21:40 localhost kernel: BIOS-e820: 00000000bfe29000 - 00000000bfe76000 (ACPI NVS)
Dec 11 18:21:40 localhost kernel: BIOS-e820: 00000000bfe76000 - 00000000bfe7f000 (ACPI data)
Dec 11 18:21:40 localhost kernel: BIOS-e820: 00000000bfe7f000 - 00000000bfe82000 (ACPI NVS)
Dec 11 18:21:40 localhost kernel: BIOS-e820: 00000000bfe82000 - 00000000bfe83000 (usable)
Dec 11 18:21:40 localhost kernel: BIOS-e820: 00000000bfe83000 - 00000000bfeab000 (reserved)
Dec 11 18:21:40 localhost kernel: BIOS-e820: 00000000bfeab000 - 00000000bfebc000 (ACPI NVS)
Dec 11 18:21:40 localhost kernel: BIOS-e820: 00000000bfebc000 - 00000000bfec9000 (reserved)
Dec 11 18:21:40 localhost kernel: BIOS-e820: 00000000bfec9000 - 00000000bfeca000 (ACPI NVS)
Dec 11 18:21:40 localhost kernel: BIOS-e820: 00000000bfeca000 - 00000000bfeda000 (reserved)
Dec 11 18:21:40 localhost kernel: BIOS-e820: 00000000bfeda000 - 00000000bfedb000 (ACPI NVS)
Dec 11 18:21:40 localhost kernel: BIOS-e820: 00000000bfedb000 - 00000000bfedc000 (reserved)
Dec 11 18:21:40 localhost kernel: BIOS-e820: 00000000bfedc000 - 00000000bfee2000 (ACPI NVS)
Dec 11 18:21:40 localhost kernel: BIOS-e820: 00000000bfee2000 - 00000000bfef5000 (reserved)
Dec 11 18:21:40 localhost kernel: BIOS-e820: 00000000bfef5000 - 00000000bff00000 (usable)
Dec 11 18:21:40 localhost kernel: BIOS-e820: 00000000e0000000 - 00000000f0000000 (reserved)
Dec 11 18:21:40 localhost kernel: BIOS-e820: 00000000fec00000 - 00000000fec01000 (reserved)
Dec 11 18:21:40 localhost kernel: BIOS-e820: 00000000fec10000 - 00000000fec11000 (reserved)
Dec 11 18:21:40 localhost kernel: BIOS-e820: 00000000fed00000 - 00000000fed01000 (reserved)
Dec 11 18:21:40 localhost kernel: BIOS-e820: 00000000fed61000 - 00000000fed71000 (reserved)
Dec 11 18:21:40 localhost kernel: BIOS-e820: 00000000fed80000 - 00000000fed90000 (reserved)
Dec 11 18:21:40 localhost kernel: BIOS-e820: 00000000ff000000 - 0000000100000000 (reserved)
Dec 11 18:21:40 localhost kernel: BIOS-e820: 0000000100001000 - 000000021f000000 (usable)
Dec 11 18:21:40 localhost kernel: DMI 2.6 present.
Dec 11 18:21:40 localhost kernel: SMBIOS version 2.6 @ 0xF0480
Dec 11 18:21:40 localhost kernel: AMI BIOS detected: BIOS may corrupt low RAM, working around it.
Dec 11 18:21:40 localhost kernel: last_pfn = 0x21f000 max_arch_pfn = 0x400000000
Dec 11 18:21:40 localhost kernel: x86 PAT enabled: cpu 0, old 0x7040600070406, new 0x7010600070106
Dec 11 18:21:40 localhost kernel: total RAM covered: 3071M
Dec 11 18:21:40 localhost kernel: Found optimal setting for mtrr clean up
Dec 11 18:21:40 localhost kernel: gran_size: 64K 	chunk_size: 2M 	num_reg: 3  	lose cover RAM: 0G
Dec 11 18:21:40 localhost kernel: last_pfn = 0xbff00 max_arch_pfn = 0x400000000
Dec 11 18:21:40 localhost kernel: Using GB pages for direct mapping
Dec 11 18:21:40 localhost kernel: init_memory_mapping: 0000000000000000-00000000bff00000
Dec 11 18:21:40 localhost kernel: init_memory_mapping: 0000000100000000-000000021f000000
Dec 11 18:21:40 localhost kernel: RAMDISK: 36d5a000 - 37fef70f
Dec 11 18:21:40 localhost kernel: ACPI: RSDP 00000000000f0450 00024 (v02 ALASKA)
Dec 11 18:21:40 localhost kernel: ACPI: XSDT 00000000bfe76068 00054 (v01 ALASKA    A M I 01072009 AMI  00010013)
Dec 11 18:21:40 localhost kernel: ACPI: FACP 00000000bfe7ce70 000F4 (v04 ALASKA    A M I 01072009 AMI  00010013)
Dec 11 18:21:40 localhost kernel: ACPI Warning: Optional field Pm2ControlBlock has zero address or length: 0x0000000000000000/0x1 (20090903/tbfadt-561)
Dec 11 18:21:40 localhost kernel: ACPI: DSDT 00000000bfe76150 06D1B (v02 ALASKA    A M I 00000000 INTL 20051117)
Dec 11 18:21:40 localhost kernel: ACPI: FACS 00000000bfedcf80 00040
Dec 11 18:21:40 localhost kernel: ACPI: APIC 00000000bfe7cf68 00072 (v03 ALASKA    A M I 01072009 AMI  00010013)
Dec 11 18:21:40 localhost kernel: ACPI: MCFG 00000000bfe7cfe0 0003C (v01 A M I  GMCH945. 01072009 MSFT 00000097)
Dec 11 18:21:40 localhost kernel: ACPI: HPET 00000000bfe7d020 00038 (v01 ALASKA    A M I 01072009 AMI  00000004)
Dec 11 18:21:40 localhost kernel: ACPI: SSDT 00000000bfe7d058 00AB0 (v01 AMD    POWERNOW 00000001 AMD  00000001)
Dec 11 18:21:40 localhost kernel: ACPI: SSDT 00000000bfe7db08 00695 (v02    AMD     ALIB 00000001 MSFT 04000000)
Dec 11 18:21:40 localhost kernel: Setting APIC routing to flat.
Dec 11 18:21:40 localhost kernel: No NUMA configuration found
Dec 11 18:21:40 localhost kernel: Faking a node at 0000000000000000-000000021f000000
Dec 11 18:21:40 localhost kernel: Bootmem setup node 0 0000000000000000-000000021f000000
Dec 11 18:21:40 localhost kernel:  NODE_DATA [0000000000013000 - 0000000000046fff]
Dec 11 18:21:40 localhost kernel:  bootmap [0000000000047000 -  000000000008adff] pages 44
Dec 11 18:21:40 localhost kernel: (8 early reservations) ==> bootmem [0000000000 - 021f000000]
Dec 11 18:21:40 localhost kernel:  #0 [0000000000 - 0000001000]   BIOS data page ==> [0000000000 - 0000001000]
Dec 11 18:21:40 localhost kernel:  #1 [0000006000 - 0000008000]       TRAMPOLINE ==> [0000006000 - 0000008000]
Dec 11 18:21:40 localhost kernel:  #2 [0001000000 - 000202abe4]    TEXT DATA BSS ==> [0001000000 - 000202abe4]
Dec 11 18:21:40 localhost kernel:  #3 [0036d5a000 - 0037fef70f]          RAMDISK ==> [0036d5a000 - 0037fef70f]
Dec 11 18:21:40 localhost kernel:  #4 [000009ec00 - 0000100000]    BIOS reserved ==> [000009ec00 - 0000100000]
Dec 11 18:21:40 localhost kernel:  #5 [000202b000 - 000202b435]              BRK ==> [000202b000 - 000202b435]
Dec 11 18:21:40 localhost kernel:  #6 [0000010000 - 0000012000]          PGTABLE ==> [0000010000 - 0000012000]
Dec 11 18:21:40 localhost kernel:  #7 [0000012000 - 0000013000]          PGTABLE ==> [0000012000 - 0000013000]
Dec 11 18:21:40 localhost kernel: found SMP MP-table at [ffff8800000fcdc0] fcdc0
Dec 11 18:21:40 localhost kernel: Reserving 129MB of memory at 48MB for crashkernel (System RAM: 8688MB)
Dec 11 18:21:40 localhost kernel: Zone PFN ranges:
Dec 11 18:21:40 localhost kernel:  DMA      0x00000010 -> 0x00001000
Dec 11 18:21:40 localhost kernel:  DMA32    0x00001000 -> 0x00100000
Dec 11 18:21:40 localhost kernel:  Normal   0x00100000 -> 0x0021f000
Dec 11 18:21:40 localhost kernel: Movable zone start PFN for each node
Dec 11 18:21:40 localhost kernel: early_node_map[6] active PFN ranges
Dec 11 18:21:40 localhost kernel:    0: 0x00000010 -> 0x0000009e
Dec 11 18:21:40 localhost kernel:    0: 0x00000100 -> 0x000bf8ee
Dec 11 18:21:40 localhost kernel:    0: 0x000bfb43 -> 0x000bfe29
Dec 11 18:21:40 localhost kernel:    0: 0x000bfe82 -> 0x000bfe83
Dec 11 18:21:40 localhost kernel:    0: 0x000bfef5 -> 0x000bff00
Dec 11 18:21:40 localhost kernel:    0: 0x00100001 -> 0x0021f000
Dec 11 18:21:40 localhost kernel: ACPI: PM-Timer IO Port: 0x808
Dec 11 18:21:40 localhost kernel: Setting APIC routing to flat.
Dec 11 18:21:40 localhost kernel: ACPI: LAPIC (acpi_id[0x01] lapic_id[0x00] enabled)
Dec 11 18:21:40 localhost kernel: ACPI: LAPIC (acpi_id[0x02] lapic_id[0x01] enabled)
Dec 11 18:21:40 localhost kernel: ACPI: LAPIC (acpi_id[0x03] lapic_id[0x02] enabled)
Dec 11 18:21:40 localhost kernel: ACPI: LAPIC (acpi_id[0x04] lapic_id[0x04] disabled)
Dec 11 18:21:40 localhost kernel: ACPI: LAPIC_NMI (acpi_id[0xff] high edge lint[0x1])
Dec 11 18:21:40 localhost kernel: ACPI: IOAPIC (id[0x04] address[0xfec00000] gsi_base[0])
Dec 11 18:21:40 localhost kernel: IOAPIC[0]: apic_id 4, version 33, address 0xfec00000, GSI 0-23
Dec 11 18:21:40 localhost kernel: ACPI: INT_SRC_OVR (bus 0 bus_irq 0 global_irq 2 dfl dfl)
Dec 11 18:21:40 localhost kernel: ACPI: INT_SRC_OVR (bus 0 bus_irq 9 global_irq 9 low level)
Dec 11 18:21:40 localhost kernel: Using ACPI (MADT) for SMP configuration information
Dec 11 18:21:40 localhost kernel: ACPI: HPET id: 0xffffffff base: 0xfed00000
Dec 11 18:21:40 localhost kernel: SMP: Allowing 4 CPUs, 1 hotplug CPUs
Dec 11 18:21:40 localhost kernel: PM: Registered nosave memory: 000000000009e000 - 000000000009f000
Dec 11 18:21:40 localhost kernel: PM: Registered nosave memory: 000000000009f000 - 00000000000a0000
Dec 11 18:21:40 localhost kernel: PM: Registered nosave memory: 00000000000a0000 - 00000000000e0000
Dec 11 18:21:40 localhost kernel: PM: Registered nosave memory: 00000000000e0000 - 0000000000100000
Dec 11 18:21:40 localhost kernel: PM: Registered nosave memory: 00000000bf8ee000 - 00000000bf940000
Dec 11 18:21:40 localhost kernel: PM: Registered nosave memory: 00000000bf940000 - 00000000bfb43000
Dec 11 18:21:40 localhost kernel: PM: Registered nosave memory: 00000000bfe29000 - 00000000bfe76000
Dec 11 18:21:40 localhost kernel: PM: Registered nosave memory: 00000000bfe76000 - 00000000bfe7f000
Dec 11 18:21:40 localhost kernel: PM: Registered nosave memory: 00000000bfe7f000 - 00000000bfe82000
Dec 11 18:21:40 localhost kernel: PM: Registered nosave memory: 00000000bfe83000 - 00000000bfeab000
Dec 11 18:21:40 localhost kernel: PM: Registered nosave memory: 00000000bfeab000 - 00000000bfebc000
Dec 11 18:21:40 localhost kernel: PM: Registered nosave memory: 00000000bfebc000 - 00000000bfec9000
Dec 11 18:21:40 localhost kernel: PM: Registered nosave memory: 00000000bfec9000 - 00000000bfeca000
Dec 11 18:21:40 localhost kernel: PM: Registered nosave memory: 00000000bfeca000 - 00000000bfeda000
Dec 11 18:21:40 localhost kernel: PM: Registered nosave memory: 00000000bfeda000 - 00000000bfedb000
Dec 11 18:21:40 localhost kernel: PM: Registered nosave memory: 00000000bfedb000 - 00000000bfedc000
Dec 11 18:21:40 localhost kernel: PM: Registered nosave memory: 00000000bfedc000 - 00000000bfee2000
Dec 11 18:21:40 localhost kernel: PM: Registered nosave memory: 00000000bfee2000 - 00000000bfef5000
Dec 11 18:21:40 localhost kernel: PM: Registered nosave memory: 00000000bff00000 - 00000000e0000000
Dec 11 18:21:40 localhost kernel: PM: Registered nosave memory: 00000000e0000000 - 00000000f0000000
Dec 11 18:21:40 localhost kernel: PM: Registered nosave memory: 00000000f0000000 - 00000000fec00000
Dec 11 18:21:40 localhost kernel: PM: Registered nosave memory: 00000000fec00000 - 00000000fec01000
Dec 11 18:21:40 localhost kernel: PM: Registered nosave memory: 00000000fec01000 - 00000000fec10000
Dec 11 18:21:40 localhost kernel: PM: Registered nosave memory: 00000000fec10000 - 00000000fec11000
Dec 11 18:21:40 localhost kernel: PM: Registered nosave memory: 00000000fec11000 - 00000000fed00000
Dec 11 18:21:40 localhost kernel: PM: Registered nosave memory: 00000000fed00000 - 00000000fed01000
Dec 11 18:21:40 localhost kernel: PM: Registered nosave memory: 00000000fed01000 - 00000000fed61000
Dec 11 18:21:40 localhost kernel: PM: Registered nosave memory: 00000000fed61000 - 00000000fed71000
Dec 11 18:21:40 localhost kernel: PM: Registered nosave memory: 00000000fed71000 - 00000000fed80000
Dec 11 18:21:40 localhost kernel: PM: Registered nosave memory: 00000000fed80000 - 00000000fed90000
Dec 11 18:21:40 localhost kernel: PM: Registered nosave memory: 00000000fed90000 - 00000000ff000000
Dec 11 18:21:40 localhost kernel: PM: Registered nosave memory: 00000000ff000000 - 0000000100000000
Dec 11 18:21:40 localhost kernel: PM: Registered nosave memory: 0000000100000000 - 0000000100001000
Dec 11 18:21:40 localhost kernel: Allocating PCI resources starting at bff00000 (gap: bff00000:20100000)
Dec 11 18:21:40 localhost kernel: Booting paravirtualized kernel on bare hardware
Dec 11 18:21:40 localhost kernel: NR_CPUS:4096 nr_cpumask_bits:4 nr_cpu_ids:4 nr_node_ids:1
Dec 11 18:21:40 localhost kernel: PERCPU: Embedded 31 pages/cpu @ffff880028200000 s95064 r8192 d23720 u524288
Dec 11 18:21:40 localhost kernel: pcpu-alloc: s95064 r8192 d23720 u524288 alloc=1*2097152
Dec 11 18:21:40 localhost kernel: pcpu-alloc: [0] 0 1 2 3 
Dec 11 18:21:40 localhost kernel: Built 1 zonelists in Zone order, mobility grouping on.  Total pages: 1930302
Dec 11 18:21:40 localhost kernel: Policy zone: Normal
Dec 11 18:21:40 localhost kernel: Kernel command line: ro root=/dev/mapper/vg_localhost-lv_root rd_NO_LUKS LANG=en_US.UTF-8 rd_NO_MD rd_LVM_LV=vg_localhost/lv_swap SYSFONT=latarcyrheb-sun16 crashkernel=129M@0M rd_LVM_LV=vg_localhost/lv_root  KEYBOARDTYPE=pc KEYTABLE=us rd_NO_DM rhgb quiet
Dec 11 18:21:40 localhost kernel: PID hash table entries: 4096 (order: 3, 32768 bytes)
Dec 11 18:21:40 localhost kernel: Checking aperture...
Dec 11 18:21:40 localhost kernel: No AGP bridge found
Dec 11 18:21:40 localhost kernel: AMD-Vi disabled by default: pass amd_iommu=on to enable
Dec 11 18:21:40 localhost kernel: PCI-DMA: Using software bounce buffering for IO (SWIOTLB)
Dec 11 18:21:40 localhost kernel: Placing 64MB software IO TLB between ffff880020000000 - ffff880024000000
Dec 11 18:21:40 localhost kernel: software IO TLB at phys 0x20000000 - 0x24000000
Dec 11 18:21:40 localhost kernel: Memory: 7499972k/8896512k available (5336k kernel code, 1053260k absent, 343280k reserved, 7016k data, 1292k init)
Dec 11 18:21:40 localhost kernel: Hierarchical RCU implementation.
Dec 11 18:21:40 localhost kernel: NR_IRQS:33024 nr_irqs:440
Dec 11 18:21:40 localhost kernel: Extended CMOS year: 2000
Dec 11 18:21:40 localhost kernel: Console: colour VGA+ 80x25
Dec 11 18:21:40 localhost kernel: console [tty0] enabled
Dec 11 18:21:40 localhost kernel: allocated 31457280 bytes of page_cgroup
Dec 11 18:21:40 localhost kernel: please try 'cgroup_disable=memory' option if you don't want memory cgroups
Dec 11 18:21:40 localhost kernel: Fast TSC calibration using PIT
Dec 11 18:21:40 localhost kernel: Detected 2094.799 MHz processor.
Dec 11 18:21:40 localhost kernel: Calibrating delay loop (skipped), value calculated using timer frequency.. 4189.59 BogoMIPS (lpj=2094799)
Dec 11 18:21:40 localhost kernel: pid_max: default: 32768 minimum: 301
Dec 11 18:21:40 localhost kernel: Security Framework initialized
Dec 11 18:21:40 localhost kernel: SELinux:  Initializing.
Dec 11 18:21:40 localhost kernel: Dentry cache hash table entries: 1048576 (order: 11, 8388608 bytes)
Dec 11 18:21:40 localhost kernel: Inode-cache hash table entries: 524288 (order: 10, 4194304 bytes)
Dec 11 18:21:40 localhost kernel: Mount-cache hash table entries: 256
Dec 11 18:21:40 localhost kernel: Initializing cgroup subsys ns
Dec 11 18:21:40 localhost kernel: Initializing cgroup subsys cpuacct
Dec 11 18:21:40 localhost kernel: Initializing cgroup subsys memory
Dec 11 18:21:40 localhost kernel: Initializing cgroup subsys devices
Dec 11 18:21:40 localhost kernel: Initializing cgroup subsys freezer
Dec 11 18:21:40 localhost kernel: Initializing cgroup subsys net_cls
Dec 11 18:21:40 localhost kernel: Initializing cgroup subsys blkio
Dec 11 18:21:40 localhost kernel: Initializing cgroup subsys perf_event
Dec 11 18:21:40 localhost kernel: Initializing cgroup subsys net_prio
Dec 11 18:21:40 localhost kernel: CPU: Physical Processor ID: 0
Dec 11 18:21:40 localhost kernel: CPU: Processor Core ID: 0
Dec 11 18:21:40 localhost kernel: mce: CPU supports 6 MCE banks
Dec 11 18:21:40 localhost kernel: ACPI: Core revision 20090903
Dec 11 18:21:40 localhost kernel: ftrace: converting mcount calls to 0f 1f 44 00 00
Dec 11 18:21:40 localhost kernel: ftrace: allocating 21917 entries in 86 pages
Dec 11 18:21:40 localhost kernel: APIC routing finalized to flat.
Dec 11 18:21:40 localhost kernel: ..TIMER: vector=0x30 apic1=0 pin1=2 apic2=-1 pin2=-1
Dec 11 18:21:40 localhost kernel: CPU0: AMD A6-3500 APU with Radeon(tm) HD Graphics stepping 00
Dec 11 18:21:40 localhost kernel: Performance Events: AMD PMU driver.
Dec 11 18:21:40 localhost kernel: ... version:                0
Dec 11 18:21:40 localhost kernel: ... bit width:              48
Dec 11 18:21:40 localhost kernel: ... generic registers:      4
Dec 11 18:21:40 localhost kernel: ... value mask:             0000ffffffffffff
Dec 11 18:21:40 localhost kernel: ... max period:             00007fffffffffff
Dec 11 18:21:40 localhost kernel: ... fixed-purpose events:   0
Dec 11 18:21:40 localhost kernel: ... event mask:             000000000000000f
Dec 11 18:21:40 localhost kernel: NMI watchdog enabled, takes one hw-pmu counter.
Dec 11 18:21:40 localhost kernel: Booting Node   0, Processors  #1 #2
Dec 11 18:21:40 localhost kernel: Brought up 3 CPUs
Dec 11 18:21:40 localhost kernel: Total of 3 processors activated (12568.79 BogoMIPS).
Dec 11 18:21:40 localhost kernel: devtmpfs: initialized
Dec 11 18:21:40 localhost kernel: PM: Registering ACPI NVS region at bf940000 (2109440 bytes)
Dec 11 18:21:40 localhost kernel: PM: Registering ACPI NVS region at bfe29000 (315392 bytes)
Dec 11 18:21:40 localhost kernel: PM: Registering ACPI NVS region at bfe7f000 (12288 bytes)
Dec 11 18:21:40 localhost kernel: PM: Registering ACPI NVS region at bfeab000 (69632 bytes)
Dec 11 18:21:40 localhost kernel: PM: Registering ACPI NVS region at bfec9000 (4096 bytes)
Dec 11 18:21:40 localhost kernel: PM: Registering ACPI NVS region at bfeda000 (4096 bytes)
Dec 11 18:21:40 localhost kernel: PM: Registering ACPI NVS region at bfedc000 (24576 bytes)
Dec 11 18:21:40 localhost kernel: regulator: core version 0.5
Dec 11 18:21:40 localhost kernel: NET: Registered protocol family 16
Dec 11 18:21:40 localhost kernel: ACPI: bus type pci registered
Dec 11 18:21:40 localhost kernel: PCI: MCFG configuration 0: base e0000000 segment 0 buses 0 - 255
Dec 11 18:21:40 localhost kernel: PCI: MCFG area at e0000000 reserved in E820
Dec 11 18:21:40 localhost kernel: PCI: Using MMCONFIG at e0000000 - efffffff
Dec 11 18:21:40 localhost kernel: PCI: Using configuration type 1 for base access
Dec 11 18:21:40 localhost kernel: bio: create slab <bio-0> at 0
Dec 11 18:21:40 localhost kernel: ACPI: Executed 1 blocks of module-level executable AML code
Dec 11 18:21:40 localhost kernel: ACPI Error (psargs-0359): [RAMB] Namespace lookup failure, AE_NOT_FOUND
Dec 11 18:21:40 localhost kernel: ACPI Exception: AE_NOT_FOUND, Could not execute arguments for [RAMW] (Region) (20090903/nsinit-347)
Dec 11 18:21:40 localhost kernel: ACPI: Interpreter enabled
Dec 11 18:21:40 localhost kernel: ACPI: (supports S0 S3 S4 S5)
Dec 11 18:21:40 localhost kernel: ACPI: Using IOAPIC for interrupt routing
Dec 11 18:21:40 localhost kernel: ACPI: No dock devices found.
Dec 11 18:21:40 localhost kernel: PCI: Using host bridge windows from ACPI; if necessary, use "pci=nocrs" and report a bug
Dec 11 18:21:40 localhost kernel: ACPI: PCI Root Bridge [PCI0] (domain 0000 [bus 00-ff])
Dec 11 18:21:40 localhost kernel: pci_root PNP0A03:00: host bridge window [io  0x0000-0x03af]
Dec 11 18:21:40 localhost kernel: pci_root PNP0A03:00: host bridge window [io  0x03e0-0x0cf7]
Dec 11 18:21:40 localhost kernel: pci_root PNP0A03:00: host bridge window [io  0x03b0-0x03df]
Dec 11 18:21:40 localhost kernel: pci_root PNP0A03:00: host bridge window [io  0x1778-0xffff]
Dec 11 18:21:40 localhost kernel: pci_root PNP0A03:00: host bridge window [mem 0x000a0000-0x000bffff]
Dec 11 18:21:40 localhost kernel: pci_root PNP0A03:00: host bridge window [mem 0x000c0000-0x000dffff]
Dec 11 18:21:40 localhost kernel: pci_root PNP0A03:00: host bridge window [mem 0xc0000000-0xffffffff]
Dec 11 18:21:40 localhost kernel: PCI host bridge to bus 0000:00
Dec 11 18:21:40 localhost kernel: pci_bus 0000:00: root bus resource [io  0x0000-0x03af]
Dec 11 18:21:40 localhost kernel: pci_bus 0000:00: root bus resource [io  0x03e0-0x0cf7]
Dec 11 18:21:40 localhost kernel: pci_bus 0000:00: root bus resource [io  0x03b0-0x03df]
Dec 11 18:21:40 localhost kernel: pci_bus 0000:00: root bus resource [io  0x1778-0xffff]
Dec 11 18:21:40 localhost kernel: pci_bus 0000:00: root bus resource [mem 0x000a0000-0x000bffff]
Dec 11 18:21:40 localhost kernel: pci_bus 0000:00: root bus resource [mem 0x000c0000-0x000dffff]
Dec 11 18:21:40 localhost kernel: pci_bus 0000:00: root bus resource [mem 0xc0000000-0xffffffff]
Dec 11 18:21:40 localhost kernel: pci 0000:00:11.0: set SATA to AHCI mode
Dec 11 18:21:40 localhost kernel: pci 0000:00:12.2: PME# supported from D0 D1 D2 D3hot
Dec 11 18:21:40 localhost kernel: pci 0000:00:12.2: PME# disabled
Dec 11 18:21:40 localhost kernel: pci 0000:00:13.2: PME# supported from D0 D1 D2 D3hot
Dec 11 18:21:40 localhost kernel: pci 0000:00:13.2: PME# disabled
Dec 11 18:21:40 localhost kernel: pci 0000:00:14.2: PME# supported from D0 D3hot D3cold
Dec 11 18:21:40 localhost kernel: pci 0000:00:14.2: PME# disabled
Dec 11 18:21:40 localhost kernel: pci 0000:00:16.2: PME# supported from D0 D1 D2 D3hot
Dec 11 18:21:40 localhost kernel: pci 0000:00:16.2: PME# disabled
Dec 11 18:21:40 localhost kernel: pci 0000:00:14.4: PCI bridge to [bus 01-01] (subtractive decode)
Dec 11 18:21:40 localhost kernel: pci 0000:00:15.0: PCI bridge to [bus 02-02]
Dec 11 18:21:40 localhost kernel: pci 0000:03:00.0: PME# supported from D0 D1 D2 D3hot D3cold
Dec 11 18:21:40 localhost kernel: pci 0000:03:00.0: PME# disabled
Dec 11 18:21:40 localhost kernel: pci 0000:00:15.1: PCI bridge to [bus 03-03]
Dec 11 18:21:40 localhost kernel: pci0000:00: Requesting ACPI _OSC control (0x1d)
Dec 11 18:21:40 localhost kernel: pci0000:00: ACPI _OSC control (0x1d) granted
Dec 11 18:21:40 localhost kernel: ACPI: PCI Interrupt Link [LN24] (IRQs *24)
Dec 11 18:21:40 localhost kernel: ACPI: PCI Interrupt Link [LN25] (IRQs *25)
Dec 11 18:21:40 localhost kernel: ACPI: PCI Interrupt Link [LN26] (IRQs *26)
Dec 11 18:21:40 localhost kernel: ACPI: PCI Interrupt Link [LN27] (IRQs *27)
Dec 11 18:21:40 localhost kernel: ACPI: PCI Interrupt Link [LN28] (IRQs *28)
Dec 11 18:21:40 localhost kernel: ACPI: PCI Interrupt Link [LN29] (IRQs *29)
Dec 11 18:21:40 localhost kernel: ACPI: PCI Interrupt Link [LN30] (IRQs *30)
Dec 11 18:21:40 localhost kernel: ACPI: PCI Interrupt Link [LN31] (IRQs *31)
Dec 11 18:21:40 localhost kernel: ACPI: PCI Interrupt Link [LN32] (IRQs *32)
Dec 11 18:21:40 localhost kernel: ACPI: PCI Interrupt Link [LN33] (IRQs *33)
Dec 11 18:21:40 localhost kernel: ACPI: PCI Interrupt Link [LN34] (IRQs *34)
Dec 11 18:21:40 localhost kernel: ACPI: PCI Interrupt Link [LN35] (IRQs *35)
Dec 11 18:21:40 localhost kernel: ACPI: PCI Interrupt Link [LN36] (IRQs *36)
Dec 11 18:21:40 localhost kernel: ACPI: PCI Interrupt Link [LN37] (IRQs *37)
Dec 11 18:21:40 localhost kernel: ACPI: PCI Interrupt Link [LN38] (IRQs *38)
Dec 11 18:21:40 localhost kernel: ACPI: PCI Interrupt Link [LN39] (IRQs *39)
Dec 11 18:21:40 localhost kernel: ACPI: PCI Interrupt Link [LN40] (IRQs *40)
Dec 11 18:21:40 localhost kernel: ACPI: PCI Interrupt Link [LN41] (IRQs *41)
Dec 11 18:21:40 localhost kernel: ACPI: PCI Interrupt Link [LN42] (IRQs *42)
Dec 11 18:21:40 localhost kernel: ACPI: PCI Interrupt Link [LN43] (IRQs *43)
Dec 11 18:21:40 localhost kernel: ACPI: PCI Interrupt Link [LN44] (IRQs *44)
Dec 11 18:21:40 localhost kernel: ACPI: PCI Interrupt Link [LN45] (IRQs *45)
Dec 11 18:21:40 localhost kernel: ACPI: PCI Interrupt Link [LN46] (IRQs *46)
Dec 11 18:21:40 localhost kernel: ACPI: PCI Interrupt Link [LN47] (IRQs *47)
Dec 11 18:21:40 localhost kernel: ACPI: PCI Interrupt Link [LN48] (IRQs *48)
Dec 11 18:21:40 localhost kernel: ACPI: PCI Interrupt Link [LN49] (IRQs *49)
Dec 11 18:21:40 localhost kernel: ACPI: PCI Interrupt Link [LN50] (IRQs *50)
Dec 11 18:21:40 localhost kernel: ACPI: PCI Interrupt Link [LN51] (IRQs *51)
Dec 11 18:21:40 localhost kernel: ACPI: PCI Interrupt Link [LN52] (IRQs *52)
Dec 11 18:21:40 localhost kernel: ACPI: PCI Interrupt Link [LN53] (IRQs *53)
Dec 11 18:21:40 localhost kernel: ACPI: PCI Interrupt Link [LN54] (IRQs *54)
Dec 11 18:21:40 localhost kernel: ACPI: PCI Interrupt Link [LN55] (IRQs *55)
Dec 11 18:21:40 localhost kernel: ACPI: PCI Interrupt Link [LNKA] (IRQs 4 5 10 11 14 15) *0
Dec 11 18:21:40 localhost kernel: ACPI: PCI Interrupt Link [LNKB] (IRQs 4 5 10 11 14 15) *0
Dec 11 18:21:40 localhost kernel: ACPI: PCI Interrupt Link [LNKC] (IRQs 4 5 10 11 14 15) *0
Dec 11 18:21:40 localhost kernel: ACPI: PCI Interrupt Link [LNKD] (IRQs 4 10 11 14 15) *0
Dec 11 18:21:40 localhost kernel: ACPI: PCI Interrupt Link [LNKE] (IRQs 4 5 10 11 14 15) *0
Dec 11 18:21:40 localhost kernel: ACPI: PCI Interrupt Link [LNKF] (IRQs 4 5 10 11 14 15) *0
Dec 11 18:21:40 localhost kernel: ACPI: PCI Interrupt Link [LNKG] (IRQs 4 5 10 11 14 15) *0
Dec 11 18:21:40 localhost kernel: ACPI: PCI Interrupt Link [LNKH] (IRQs 4 5 10 11 14 15) *0
Dec 11 18:21:40 localhost kernel: vgaarb: device added: PCI:0000:00:01.0,decodes=io+mem,owns=io+mem,locks=none
Dec 11 18:21:40 localhost kernel: vgaarb: loaded
Dec 11 18:21:40 localhost kernel: vgaarb: bridge control possible 0000:00:01.0
Dec 11 18:21:40 localhost kernel: SCSI subsystem initialized
Dec 11 18:21:40 localhost kernel: usbcore: registered new interface driver usbfs
Dec 11 18:21:40 localhost kernel: usbcore: registered new interface driver hub
Dec 11 18:21:40 localhost kernel: usbcore: registered new device driver usb
Dec 11 18:21:40 localhost kernel: PCI: Using ACPI for IRQ routing
Dec 11 18:21:40 localhost kernel: NetLabel: Initializing
Dec 11 18:21:40 localhost kernel: NetLabel:  domain hash size = 128
Dec 11 18:21:40 localhost kernel: NetLabel:  protocols = UNLABELED CIPSOv4
Dec 11 18:21:40 localhost kernel: NetLabel:  unlabeled traffic allowed by default
Dec 11 18:21:40 localhost kernel: HPET: 3 timers in total, 0 timers will be used for per-cpu timer
Dec 11 18:21:40 localhost kernel: hpet0: at MMIO 0xfed00000, IRQs 2, 8, 0
Dec 11 18:21:40 localhost kernel: hpet0: 3 comparators, 32-bit 14.318180 MHz counter
Dec 11 18:21:40 localhost kernel: Switching to clocksource hpet
Dec 11 18:21:40 localhost kernel: pnp: PnP ACPI init
Dec 11 18:21:40 localhost kernel: ACPI: bus type pnp registered
Dec 11 18:21:40 localhost kernel: pnp: PnP ACPI: found 12 devices
Dec 11 18:21:40 localhost kernel: ACPI: ACPI bus type pnp unregistered
Dec 11 18:21:40 localhost kernel: system 00:01: [mem 0xe0000000-0xefffffff] has been reserved
Dec 11 18:21:40 localhost kernel: system 00:02: [io  0x04d0-0x04d1] has been reserved
Dec 11 18:21:40 localhost kernel: system 00:02: [io  0x040b] has been reserved
Dec 11 18:21:40 localhost kernel: system 00:02: [io  0x04d6] has been reserved
Dec 11 18:21:40 localhost kernel: system 00:02: [io  0x0c00-0x0c01] has been reserved
Dec 11 18:21:40 localhost kernel: system 00:02: [io  0x0c14] has been reserved
Dec 11 18:21:40 localhost kernel: system 00:02: [io  0x0c50-0x0c51] has been reserved
Dec 11 18:21:40 localhost kernel: system 00:02: [io  0x0c52] has been reserved
Dec 11 18:21:40 localhost kernel: system 00:02: [io  0x0c6c] has been reserved
Dec 11 18:21:40 localhost kernel: system 00:02: [io  0x0c6f] has been reserved
Dec 11 18:21:40 localhost kernel: system 00:02: [io  0x0cd0-0x0cd1] has been reserved
Dec 11 18:21:40 localhost kernel: system 00:02: [io  0x0cd2-0x0cd3] has been reserved
Dec 11 18:21:40 localhost kernel: system 00:02: [io  0x0cd4-0x0cd5] has been reserved
Dec 11 18:21:40 localhost kernel: system 00:02: [io  0x0cd6-0x0cd7] has been reserved
Dec 11 18:21:40 localhost kernel: system 00:02: [io  0x0cd8-0x0cdf] has been reserved
Dec 11 18:21:40 localhost kernel: system 00:02: [io  0x0800-0x089f] has been reserved
Dec 11 18:21:40 localhost kernel: system 00:02: [io  0x0b20-0x0b3f] has been reserved
Dec 11 18:21:40 localhost kernel: system 00:02: [io  0x0900-0x090f] has been reserved
Dec 11 18:21:40 localhost kernel: system 00:02: [io  0x0910-0x091f] has been reserved
Dec 11 18:21:40 localhost kernel: system 00:02: [io  0xfe00-0xfefe] has been reserved
Dec 11 18:21:40 localhost kernel: system 00:02: [mem 0xfec00000-0xfec00fff] could not be reserved
Dec 11 18:21:40 localhost kernel: system 00:02: [mem 0xfee00000-0xfee00fff] has been reserved
Dec 11 18:21:40 localhost kernel: system 00:02: [mem 0xfed80000-0xfed8ffff] has been reserved
Dec 11 18:21:40 localhost kernel: system 00:02: [mem 0xfed61000-0xfed70fff] has been reserved
Dec 11 18:21:40 localhost kernel: system 00:02: [mem 0xfec10000-0xfec10fff] has been reserved
Dec 11 18:21:40 localhost kernel: system 00:02: [mem 0xfed00000-0xfed00fff] has been reserved
Dec 11 18:21:40 localhost kernel: system 00:02: [mem 0xff000000-0xffffffff] has been reserved
Dec 11 18:21:40 localhost kernel: system 00:03: [io  0x0300-0x031f] has been reserved
Dec 11 18:21:40 localhost kernel: system 00:03: [io  0x0290-0x029f] has been reserved
Dec 11 18:21:40 localhost kernel: system 00:08: [io  0x04d0-0x04d1] has been reserved
Dec 11 18:21:40 localhost kernel: system 00:0a: [io  0x1770-0x1777] has been reserved
Dec 11 18:21:40 localhost kernel: pci 0000:00:14.4: PCI bridge to [bus 01-01]
Dec 11 18:21:40 localhost kernel: pci 0000:00:15.0: PCI bridge to [bus 02-02]
Dec 11 18:21:40 localhost kernel: pci 0000:00:15.1: PCI bridge to [bus 03-03]
Dec 11 18:21:40 localhost kernel: pci 0000:00:15.1:   bridge window [io  0xe000-0xefff]
Dec 11 18:21:40 localhost kernel: pci 0000:00:15.1:   bridge window [mem 0xd0000000-0xd00fffff 64bit pref]
Dec 11 18:21:40 localhost kernel: pci 0000:00:15.0: PCI INT A -> GSI 16 (level, low) -> IRQ 16
Dec 11 18:21:40 localhost kernel: pci 0000:00:15.1: PCI INT A -> GSI 16 (level, low) -> IRQ 16
Dec 11 18:21:40 localhost kernel: NET: Registered protocol family 2
Dec 11 18:21:40 localhost kernel: IP route cache hash table entries: 262144 (order: 9, 2097152 bytes)
Dec 11 18:21:40 localhost kernel: TCP established hash table entries: 524288 (order: 11, 8388608 bytes)
Dec 11 18:21:40 localhost kernel: TCP bind hash table entries: 65536 (order: 8, 1048576 bytes)
Dec 11 18:21:40 localhost kernel: TCP: Hash tables configured (established 524288 bind 65536)
Dec 11 18:21:40 localhost kernel: TCP reno registered
Dec 11 18:21:40 localhost kernel: NET: Registered protocol family 1
Dec 11 18:21:40 localhost kernel: pci 0000:00:12.0: PCI INT A -> GSI 18 (level, low) -> IRQ 18
Dec 11 18:21:40 localhost kernel: pci 0000:00:12.0: PCI INT A disabled
Dec 11 18:21:40 localhost kernel: pci 0000:00:12.2: PCI INT B -> GSI 17 (level, low) -> IRQ 17
Dec 11 18:21:40 localhost kernel: pci 0000:00:12.2: PCI INT B disabled
Dec 11 18:21:40 localhost kernel: pci 0000:00:13.0: PCI INT A -> GSI 18 (level, low) -> IRQ 18
Dec 11 18:21:40 localhost kernel: pci 0000:00:13.0: PCI INT A disabled
Dec 11 18:21:40 localhost kernel: pci 0000:00:13.2: PCI INT B -> GSI 17 (level, low) -> IRQ 17
Dec 11 18:21:40 localhost kernel: pci 0000:00:13.2: PCI INT B disabled
Dec 11 18:21:40 localhost kernel: pci 0000:00:14.5: PCI INT C -> GSI 18 (level, low) -> IRQ 18
Dec 11 18:21:40 localhost kernel: pci 0000:00:14.5: PCI INT C disabled
Dec 11 18:21:40 localhost kernel: pci 0000:00:16.0: PCI INT A -> GSI 18 (level, low) -> IRQ 18
Dec 11 18:21:40 localhost kernel: pci 0000:00:16.0: PCI INT A disabled
Dec 11 18:21:40 localhost kernel: pci 0000:00:16.2: PCI INT B -> GSI 17 (level, low) -> IRQ 17
Dec 11 18:21:40 localhost kernel: pci 0000:00:16.2: PCI INT B disabled
Dec 11 18:21:40 localhost kernel: Trying to unpack rootfs image as initramfs...
Dec 11 18:21:40 localhost kernel: Freeing initrd memory: 19029k freed
Dec 11 18:21:40 localhost kernel: futex hash table entries: 1024 (order: 4, 65536 bytes)
Dec 11 18:21:40 localhost kernel: audit: initializing netlink socket (disabled)
Dec 11 18:21:40 localhost kernel: type=2000 audit(1418343683.353:1): initialized
Dec 11 18:21:40 localhost kernel: HugeTLB registered 2 MB page size, pre-allocated 0 pages
Dec 11 18:21:40 localhost kernel: VFS: Disk quotas dquot_6.5.2
Dec 11 18:21:40 localhost kernel: Dquot-cache hash table entries: 512 (order 0, 4096 bytes)
Dec 11 18:21:40 localhost kernel: msgmni has been set to 14685
Dec 11 18:21:40 localhost kernel: alg: No test for stdrng (krng)
Dec 11 18:21:40 localhost kernel: ksign: Installing public key data
Dec 11 18:21:40 localhost kernel: Loading keyring
Dec 11 18:21:40 localhost kernel: - Added public key FEBCF26ABFDA92DD
Dec 11 18:21:40 localhost kernel: - User ID: CentOS (Kernel Module GPG key)
Dec 11 18:21:40 localhost kernel: Block layer SCSI generic (bsg) driver version 0.4 loaded (major 251)
Dec 11 18:21:40 localhost kernel: io scheduler noop registered
Dec 11 18:21:40 localhost kernel: io scheduler anticipatory registered
Dec 11 18:21:40 localhost kernel: io scheduler deadline registered
Dec 11 18:21:40 localhost kernel: io scheduler cfq registered (default)
Dec 11 18:21:40 localhost kernel: pci_hotplug: PCI Hot Plug PCI Core version: 0.5
Dec 11 18:21:40 localhost kernel: pciehp: PCI Express Hot Plug Controller Driver version: 0.4
Dec 11 18:21:40 localhost kernel: acpiphp: ACPI Hot Plug PCI Controller Driver version: 0.5
Dec 11 18:21:40 localhost kernel: input: Power Button as /devices/LNXSYSTM:00/LNXSYBUS:00/PNP0C0C:00/input/input0
Dec 11 18:21:40 localhost kernel: ACPI: Power Button [PWRB]
Dec 11 18:21:40 localhost kernel: input: Power Button as /devices/LNXSYSTM:00/LNXPWRBN:00/input/input1
Dec 11 18:21:40 localhost kernel: ACPI: Power Button [PWRF]
Dec 11 18:21:40 localhost kernel: [Firmware Bug]: No valid trip found
Dec 11 18:21:40 localhost kernel: GHES: HEST is not enabled!
Dec 11 18:21:40 localhost kernel: Non-volatile memory driver v1.3
Dec 11 18:21:40 localhost kernel: Linux agpgart interface v0.103
Dec 11 18:21:40 localhost kernel: crash memory driver: version 1.1
Dec 11 18:21:40 localhost kernel: Serial: 8250/16550 driver, 4 ports, IRQ sharing enabled
Dec 11 18:21:40 localhost kernel: serial8250: ttyS0 at I/O 0x3f8 (irq = 4) is a 16550A
Dec 11 18:21:40 localhost kernel: 00:0b: ttyS0 at I/O 0x3f8 (irq = 4) is a 16550A
Dec 11 18:21:40 localhost kernel: brd: module loaded
Dec 11 18:21:40 localhost kernel: loop: module loaded
Dec 11 18:21:40 localhost kernel: input: Macintosh mouse button emulation as /devices/virtual/input/input2
Dec 11 18:21:40 localhost kernel: Fixed MDIO Bus: probed
Dec 11 18:21:40 localhost kernel: ehci_hcd: USB 2.0 'Enhanced' Host Controller (EHCI) Driver
Dec 11 18:21:40 localhost kernel: ehci_hcd 0000:00:12.2: PCI INT B -> GSI 17 (level, low) -> IRQ 17
Dec 11 18:21:40 localhost kernel: ehci_hcd 0000:00:12.2: EHCI Host Controller
Dec 11 18:21:40 localhost kernel: ehci_hcd 0000:00:12.2: new USB bus registered, assigned bus number 1
Dec 11 18:21:40 localhost kernel: ehci_hcd 0000:00:12.2: applying AMD SB700/SB800/Hudson-2/3 EHCI dummy qh workaround
Dec 11 18:21:40 localhost kernel: ehci_hcd 0000:00:12.2: debug port 1
Dec 11 18:21:40 localhost kernel: ehci_hcd 0000:00:12.2: irq 17, io mem 0xfef49000
Dec 11 18:21:40 localhost kernel: ehci_hcd 0000:00:12.2: USB 2.0 started, EHCI 1.00
Dec 11 18:21:40 localhost kernel: usb usb1: New USB device found, idVendor=1d6b, idProduct=0002
Dec 11 18:21:40 localhost kernel: usb usb1: New USB device strings: Mfr=3, Product=2, SerialNumber=1
Dec 11 18:21:40 localhost kernel: usb usb1: Product: EHCI Host Controller
Dec 11 18:21:40 localhost kernel: usb usb1: Manufacturer: Linux 2.6.32-504.el6.x86_64 ehci_hcd
Dec 11 18:21:40 localhost kernel: usb usb1: SerialNumber: 0000:00:12.2
Dec 11 18:21:40 localhost kernel: usb usb1: configuration #1 chosen from 1 choice
Dec 11 18:21:40 localhost kernel: hub 1-0:1.0: USB hub found
Dec 11 18:21:40 localhost kernel: hub 1-0:1.0: 5 ports detected
Dec 11 18:21:40 localhost kernel: ehci_hcd 0000:00:13.2: PCI INT B -> GSI 17 (level, low) -> IRQ 17
Dec 11 18:21:40 localhost kernel: ehci_hcd 0000:00:13.2: EHCI Host Controller
Dec 11 18:21:40 localhost kernel: ehci_hcd 0000:00:13.2: new USB bus registered, assigned bus number 2
Dec 11 18:21:40 localhost kernel: ehci_hcd 0000:00:13.2: applying AMD SB700/SB800/Hudson-2/3 EHCI dummy qh workaround
Dec 11 18:21:40 localhost kernel: ehci_hcd 0000:00:13.2: debug port 1
Dec 11 18:21:40 localhost kernel: ehci_hcd 0000:00:13.2: irq 17, io mem 0xfef47000
Dec 11 18:21:40 localhost kernel: ehci_hcd 0000:00:13.2: USB 2.0 started, EHCI 1.00
Dec 11 18:21:40 localhost kernel: usb usb2: New USB device found, idVendor=1d6b, idProduct=0002
Dec 11 18:21:40 localhost kernel: usb usb2: New USB device strings: Mfr=3, Product=2, SerialNumber=1
Dec 11 18:21:40 localhost kernel: usb usb2: Product: EHCI Host Controller
Dec 11 18:21:40 localhost kernel: usb usb2: Manufacturer: Linux 2.6.32-504.el6.x86_64 ehci_hcd
Dec 11 18:21:40 localhost kernel: usb usb2: SerialNumber: 0000:00:13.2
Dec 11 18:21:40 localhost kernel: usb usb2: configuration #1 chosen from 1 choice
Dec 11 18:21:40 localhost kernel: hub 2-0:1.0: USB hub found
Dec 11 18:21:40 localhost kernel: hub 2-0:1.0: 5 ports detected
Dec 11 18:21:40 localhost kernel: ehci_hcd 0000:00:16.2: PCI INT B -> GSI 17 (level, low) -> IRQ 17
Dec 11 18:21:40 localhost kernel: ehci_hcd 0000:00:16.2: EHCI Host Controller
Dec 11 18:21:40 localhost kernel: ehci_hcd 0000:00:16.2: new USB bus registered, assigned bus number 3
Dec 11 18:21:40 localhost kernel: ehci_hcd 0000:00:16.2: applying AMD SB700/SB800/Hudson-2/3 EHCI dummy qh workaround
Dec 11 18:21:40 localhost kernel: ehci_hcd 0000:00:16.2: debug port 1
Dec 11 18:21:40 localhost kernel: ehci_hcd 0000:00:16.2: irq 17, io mem 0xfef44000
Dec 11 18:21:40 localhost kernel: ehci_hcd 0000:00:16.2: USB 2.0 started, EHCI 1.00
Dec 11 18:21:40 localhost kernel: usb usb3: New USB device found, idVendor=1d6b, idProduct=0002
Dec 11 18:21:40 localhost kernel: usb usb3: New USB device strings: Mfr=3, Product=2, SerialNumber=1
Dec 11 18:21:40 localhost kernel: usb usb3: Product: EHCI Host Controller
Dec 11 18:21:40 localhost kernel: usb usb3: Manufacturer: Linux 2.6.32-504.el6.x86_64 ehci_hcd
Dec 11 18:21:40 localhost kernel: usb usb3: SerialNumber: 0000:00:16.2
Dec 11 18:21:40 localhost kernel: usb usb3: configuration #1 chosen from 1 choice
Dec 11 18:21:40 localhost kernel: hub 3-0:1.0: USB hub found
Dec 11 18:21:40 localhost kernel: hub 3-0:1.0: 4 ports detected
Dec 11 18:21:40 localhost kernel: ohci_hcd: USB 1.1 'Open' Host Controller (OHCI) Driver
Dec 11 18:21:40 localhost kernel: ohci_hcd 0000:00:12.0: PCI INT A -> GSI 18 (level, low) -> IRQ 18
Dec 11 18:21:40 localhost kernel: ohci_hcd 0000:00:12.0: OHCI Host Controller
Dec 11 18:21:40 localhost kernel: ohci_hcd 0000:00:12.0: new USB bus registered, assigned bus number 4
Dec 11 18:21:40 localhost kernel: ohci_hcd 0000:00:12.0: irq 18, io mem 0xfef4a000
Dec 11 18:21:40 localhost kernel: usb usb4: New USB device found, idVendor=1d6b, idProduct=0001
Dec 11 18:21:40 localhost kernel: usb usb4: New USB device strings: Mfr=3, Product=2, SerialNumber=1
Dec 11 18:21:40 localhost kernel: usb usb4: Product: OHCI Host Controller
Dec 11 18:21:40 localhost kernel: usb usb4: Manufacturer: Linux 2.6.32-504.el6.x86_64 ohci_hcd
Dec 11 18:21:40 localhost kernel: usb usb4: SerialNumber: 0000:00:12.0
Dec 11 18:21:40 localhost kernel: usb usb4: configuration #1 chosen from 1 choice
Dec 11 18:21:40 localhost kernel: hub 4-0:1.0: USB hub found
Dec 11 18:21:40 localhost kernel: hub 4-0:1.0: 5 ports detected
Dec 11 18:21:40 localhost kernel: ohci_hcd 0000:00:13.0: PCI INT A -> GSI 18 (level, low) -> IRQ 18
Dec 11 18:21:40 localhost kernel: ohci_hcd 0000:00:13.0: OHCI Host Controller
Dec 11 18:21:40 localhost kernel: ohci_hcd 0000:00:13.0: new USB bus registered, assigned bus number 5
Dec 11 18:21:40 localhost kernel: ohci_hcd 0000:00:13.0: irq 18, io mem 0xfef48000
Dec 11 18:21:40 localhost kernel: usb usb5: New USB device found, idVendor=1d6b, idProduct=0001
Dec 11 18:21:40 localhost kernel: usb usb5: New USB device strings: Mfr=3, Product=2, SerialNumber=1
Dec 11 18:21:40 localhost kernel: usb usb5: Product: OHCI Host Controller
Dec 11 18:21:40 localhost kernel: usb usb5: Manufacturer: Linux 2.6.32-504.el6.x86_64 ohci_hcd
Dec 11 18:21:40 localhost kernel: usb usb5: SerialNumber: 0000:00:13.0
Dec 11 18:21:40 localhost kernel: usb usb5: configuration #1 chosen from 1 choice
Dec 11 18:21:40 localhost kernel: hub 5-0:1.0: USB hub found
Dec 11 18:21:40 localhost kernel: hub 5-0:1.0: 5 ports detected
Dec 11 18:21:40 localhost kernel: ohci_hcd 0000:00:14.5: PCI INT C -> GSI 18 (level, low) -> IRQ 18
Dec 11 18:21:40 localhost kernel: ohci_hcd 0000:00:14.5: OHCI Host Controller
Dec 11 18:21:40 localhost kernel: ohci_hcd 0000:00:14.5: new USB bus registered, assigned bus number 6
Dec 11 18:21:40 localhost kernel: ohci_hcd 0000:00:14.5: irq 18, io mem 0xfef46000
Dec 11 18:21:40 localhost kernel: usb usb6: New USB device found, idVendor=1d6b, idProduct=0001
Dec 11 18:21:40 localhost kernel: usb usb6: New USB device strings: Mfr=3, Product=2, SerialNumber=1
Dec 11 18:21:40 localhost kernel: usb usb6: Product: OHCI Host Controller
Dec 11 18:21:40 localhost kernel: usb usb6: Manufacturer: Linux 2.6.32-504.el6.x86_64 ohci_hcd
Dec 11 18:21:40 localhost kernel: usb usb6: SerialNumber: 0000:00:14.5
Dec 11 18:21:40 localhost kernel: usb usb6: configuration #1 chosen from 1 choice
Dec 11 18:21:40 localhost kernel: hub 6-0:1.0: USB hub found
Dec 11 18:21:40 localhost kernel: hub 6-0:1.0: 2 ports detected
Dec 11 18:21:40 localhost kernel: ohci_hcd 0000:00:16.0: PCI INT A -> GSI 18 (level, low) -> IRQ 18
Dec 11 18:21:40 localhost kernel: ohci_hcd 0000:00:16.0: OHCI Host Controller
Dec 11 18:21:40 localhost kernel: ohci_hcd 0000:00:16.0: new USB bus registered, assigned bus number 7
Dec 11 18:21:40 localhost kernel: ohci_hcd 0000:00:16.0: irq 18, io mem 0xfef45000
Dec 11 18:21:40 localhost kernel: usb usb7: New USB device found, idVendor=1d6b, idProduct=0001
Dec 11 18:21:40 localhost kernel: usb usb7: New USB device strings: Mfr=3, Product=2, SerialNumber=1
Dec 11 18:21:40 localhost kernel: usb usb7: Product: OHCI Host Controller
Dec 11 18:21:40 localhost kernel: usb usb7: Manufacturer: Linux 2.6.32-504.el6.x86_64 ohci_hcd
Dec 11 18:21:40 localhost kernel: usb usb7: SerialNumber: 0000:00:16.0
Dec 11 18:21:40 localhost kernel: usb usb7: configuration #1 chosen from 1 choice
Dec 11 18:21:40 localhost kernel: hub 7-0:1.0: USB hub found
Dec 11 18:21:40 localhost kernel: hub 7-0:1.0: 4 ports detected
Dec 11 18:21:40 localhost kernel: uhci_hcd: USB Universal Host Controller Interface driver
Dec 11 18:21:40 localhost kernel: PNP: No PS/2 controller found. Probing ports directly.
Dec 11 18:21:40 localhost kernel: serio: i8042 KBD port at 0x60,0x64 irq 1
Dec 11 18:21:40 localhost kernel: serio: i8042 AUX port at 0x60,0x64 irq 12
Dec 11 18:21:40 localhost kernel: mice: PS/2 mouse device common for all mice
Dec 11 18:21:40 localhost kernel: rtc_cmos 00:06: RTC can wake from S4
Dec 11 18:21:40 localhost kernel: rtc_cmos 00:06: rtc core: registered rtc_cmos as rtc0
Dec 11 18:21:40 localhost kernel: rtc0: alarms up to one month, y3k, 114 bytes nvram, hpet irqs
Dec 11 18:21:40 localhost kernel: cpuidle: using governor ladder
Dec 11 18:21:40 localhost kernel: cpuidle: using governor menu
Dec 11 18:21:40 localhost kernel: EFI Variables Facility v0.08 2004-May-17
Dec 11 18:21:40 localhost kernel: usbcore: registered new interface driver hiddev
Dec 11 18:21:40 localhost kernel: usbcore: registered new interface driver usbhid
Dec 11 18:21:40 localhost kernel: usbhid: v2.6:USB HID core driver
Dec 11 18:21:40 localhost kernel: GRE over IPv4 demultiplexor driver
Dec 11 18:21:40 localhost kernel: TCP cubic registered
Dec 11 18:21:40 localhost kernel: Initializing XFRM netlink socket
Dec 11 18:21:40 localhost kernel: NET: Registered protocol family 17
Dec 11 18:21:40 localhost kernel: registered taskstats version 1
Dec 11 18:21:40 localhost kernel: rtc_cmos 00:06: setting system clock to 2014-12-12 00:21:25 UTC (1418343685)
Dec 11 18:21:40 localhost kernel: Initalizing network drop monitor service
Dec 11 18:21:40 localhost kernel: Freeing unused kernel memory: 1292k freed
Dec 11 18:21:40 localhost kernel: Write protecting the kernel read-only data: 10240k
Dec 11 18:21:40 localhost kernel: Freeing unused kernel memory: 788k freed
Dec 11 18:21:40 localhost kernel: Freeing unused kernel memory: 1568k freed
Dec 11 18:21:40 localhost kernel: dracut: dracut-004-356.el6
Dec 11 18:21:40 localhost kernel: dracut: rd_NO_LUKS: removing cryptoluks activation
Dec 11 18:21:40 localhost kernel: device-mapper: uevent: version 1.0.3
Dec 11 18:21:40 localhost kernel: device-mapper: ioctl: 4.27.0-ioctl (2013-10-30) initialised: dm-devel@redhat.com
Dec 11 18:21:40 localhost kernel: udev: starting version 147
Dec 11 18:21:40 localhost kernel: [drm] Initialized drm 1.1.0 20060810
Dec 11 18:21:40 localhost kernel: [drm] radeon kernel modesetting enabled.
Dec 11 18:21:40 localhost kernel: radeon 0000:00:01.0: PCI INT A -> GSI 18 (level, low) -> IRQ 18
Dec 11 18:21:40 localhost kernel: [drm] initializing kernel modesetting (SUMO 0x1002:0x964A 0x1043:0x84C8).
Dec 11 18:21:40 localhost kernel: [drm] register mmio base: 0xFEF00000
Dec 11 18:21:40 localhost kernel: [drm] register mmio size: 262144
Dec 11 18:21:40 localhost kernel: ATOM BIOS: General
Dec 11 18:21:40 localhost kernel: radeon 0000:00:01.0: VRAM: 512M 0x0000000000000000 - 0x000000001FFFFFFF (512M used)
Dec 11 18:21:40 localhost kernel: radeon 0000:00:01.0: GTT: 1024M 0x0000000020000000 - 0x000000005FFFFFFF
Dec 11 18:21:40 localhost kernel: [drm] Detected VRAM RAM=512M, BAR=256M
Dec 11 18:21:40 localhost kernel: [drm] RAM width 32bits DDR
Dec 11 18:21:40 localhost kernel: [TTM] Zone  kernel: Available graphics memory: 3761326 kiB
Dec 11 18:21:40 localhost kernel: [TTM] Zone   dma32: Available graphics memory: 2097152 kiB
Dec 11 18:21:40 localhost kernel: [TTM] Initializing pool allocator
Dec 11 18:21:40 localhost kernel: [TTM] Initializing DMA pool allocator
Dec 11 18:21:40 localhost kernel: [drm] radeon: 512M of VRAM memory ready
Dec 11 18:21:40 localhost kernel: [drm] radeon: 1024M of GTT memory ready.
Dec 11 18:21:40 localhost kernel: [drm] Loading SUMO Microcode
Dec 11 18:21:40 localhost kernel: radeon 0000:00:01.0: firmware: requesting radeon/SUMO_pfp.bin
Dec 11 18:21:40 localhost kernel: radeon 0000:00:01.0: firmware: requesting radeon/SUMO_me.bin
Dec 11 18:21:40 localhost kernel: radeon 0000:00:01.0: firmware: requesting radeon/SUMO_rlc.bin
Dec 11 18:21:40 localhost kernel: usb 4-1: new low speed USB device number 2 using ohci_hcd
Dec 11 18:21:40 localhost kernel: [drm] Internal thermal controller without fan control
Dec 11 18:21:40 localhost kernel: [drm] Found smc ucode version: 0x00011200
Dec 11 18:21:40 localhost kernel: [drm] radeon: dpm initialized
Dec 11 18:21:40 localhost kernel: radeon 0000:00:01.0: firmware: requesting radeon/SUMO_uvd.bin
Dec 11 18:21:40 localhost kernel: [drm] GART: num cpu pages 262144, num gpu pages 262144
Dec 11 18:21:40 localhost kernel: [drm] PCIE GART of 1024M enabled (table at 0x0000000000273000).
Dec 11 18:21:40 localhost kernel: radeon 0000:00:01.0: WB enabled
Dec 11 18:21:40 localhost kernel: radeon 0000:00:01.0: fence driver on ring 0 use gpu addr 0x0000000020000c00 and cpu addr 0xffff880215408c00
Dec 11 18:21:40 localhost kernel: radeon 0000:00:01.0: fence driver on ring 3 use gpu addr 0x0000000020000c0c and cpu addr 0xffff880215408c0c
Dec 11 18:21:40 localhost kernel: radeon 0000:00:01.0: fence driver on ring 5 use gpu addr 0x0000000000072118 and cpu addr 0xffffc900118b2118
Dec 11 18:21:40 localhost kernel: [drm] Supports vblank timestamp caching Rev 2 (21.10.2013).
Dec 11 18:21:40 localhost kernel: [drm] Driver supports precise vblank timestamp query.
Dec 11 18:21:40 localhost kernel: radeon 0000:00:01.0: radeon: using MSI.
Dec 11 18:21:40 localhost kernel: [drm] radeon: irq initialized.
Dec 11 18:21:40 localhost kernel: [drm] ring test on 0 succeeded in 1 usecs
Dec 11 18:21:40 localhost kernel: [drm] ring test on 3 succeeded in 1 usecs
Dec 11 18:21:40 localhost kernel: [drm] ring test on 5 succeeded in 2 usecs
Dec 11 18:21:40 localhost kernel: [drm] UVD initialized successfully.
Dec 11 18:21:40 localhost kernel: [drm] ib test on ring 0 succeeded in 0 usecs
Dec 11 18:21:40 localhost kernel: [drm] ib test on ring 3 succeeded in 0 usecs
Dec 11 18:21:40 localhost kernel: Refined TSC clocksource calibration: 2094.754 MHz.
Dec 11 18:21:40 localhost kernel: Switching to clocksource tsc
Dec 11 18:21:40 localhost kernel: [drm] ib test on ring 5 succeeded
Dec 11 18:21:40 localhost kernel: [drm] Radeon Display Connectors
Dec 11 18:21:40 localhost kernel: [drm] Connector 0:
Dec 11 18:21:40 localhost kernel: [drm]   VGA-1
Dec 11 18:21:40 localhost kernel: [drm]   HPD2
Dec 11 18:21:40 localhost kernel: [drm]   DDC: 0x6440 0x6440 0x6444 0x6444 0x6448 0x6448 0x644c 0x644c
Dec 11 18:21:40 localhost kernel: [drm]   Encoders:
Dec 11 18:21:40 localhost kernel: [drm]     CRT1: INTERNAL_UNIPHY2
Dec 11 18:21:40 localhost kernel: [drm]     CRT1: NUTMEG
Dec 11 18:21:40 localhost kernel: [drm] Connector 1:
Dec 11 18:21:40 localhost kernel: [drm]   DVI-D-1
Dec 11 18:21:40 localhost kernel: [drm]   HPD1
Dec 11 18:21:40 localhost kernel: [drm]   DDC: 0x6430 0x6430 0x6434 0x6434 0x6438 0x6438 0x643c 0x643c
Dec 11 18:21:40 localhost kernel: [drm]   Encoders:
Dec 11 18:21:40 localhost kernel: [drm]     DFP1: INTERNAL_UNIPHY2
Dec 11 18:21:40 localhost kernel: usb 4-1: New USB device found, idVendor=1c4f, idProduct=0032
Dec 11 18:21:40 localhost kernel: usb 4-1: New USB device strings: Mfr=1, Product=2, SerialNumber=0
Dec 11 18:21:40 localhost kernel: usb 4-1: Product: Usb Mouse
Dec 11 18:21:40 localhost kernel: usb 4-1: Manufacturer: SIGMACHIP
Dec 11 18:21:40 localhost kernel: usb 4-1: configuration #1 chosen from 1 choice
Dec 11 18:21:40 localhost kernel: input: SIGMACHIP Usb Mouse as /devices/pci0000:00/0000:00:12.0/usb4/4-1/4-1:1.0/input/input3
Dec 11 18:21:40 localhost kernel: generic-usb 0003:1C4F:0032.0001: input,hidraw0: USB HID v1.10 Mouse [SIGMACHIP Usb Mouse] on usb-0000:00:12.0-1/input0
Dec 11 18:21:40 localhost kernel: [drm] fb mappable at 0xC0477000
Dec 11 18:21:40 localhost kernel: [drm] vram apper at 0xC0000000
Dec 11 18:21:40 localhost kernel: [drm] size 9216000
Dec 11 18:21:40 localhost kernel: [drm] fb depth is 24
Dec 11 18:21:40 localhost kernel: [drm]    pitch is 7680
Dec 11 18:21:40 localhost kernel: fbcon: radeondrmfb (fb0) is primary device
Dec 11 18:21:40 localhost kernel: Console: switching to colour frame buffer device 240x75
Dec 11 18:21:40 localhost kernel: radeon 0000:00:01.0: fb0: radeondrmfb frame buffer device
Dec 11 18:21:40 localhost kernel: radeon 0000:00:01.0: registered panic notifier
Dec 11 18:21:40 localhost kernel: [drm] Initialized radeon 2.37.0 20080528 for 0000:00:01.0 on minor 0
Dec 11 18:21:40 localhost kernel: usb 4-2: new low speed USB device number 3 using ohci_hcd
Dec 11 18:21:40 localhost kernel: dracut: Starting plymouth daemon
Dec 11 18:21:40 localhost kernel: usb 4-2: New USB device found, idVendor=413c, idProduct=2107
Dec 11 18:21:40 localhost kernel: usb 4-2: New USB device strings: Mfr=1, Product=2, SerialNumber=0
Dec 11 18:21:40 localhost kernel: usb 4-2: Product: Dell USB Entry Keyboard
Dec 11 18:21:40 localhost kernel: usb 4-2: Manufacturer: DELL
Dec 11 18:21:40 localhost kernel: usb 4-2: configuration #1 chosen from 1 choice
Dec 11 18:21:40 localhost kernel: input: DELL Dell USB Entry Keyboard as /devices/pci0000:00/0000:00:12.0/usb4/4-2/4-2:1.0/input/input4
Dec 11 18:21:40 localhost kernel: generic-usb 0003:413C:2107.0002: input,hidraw1: USB HID v1.10 Keyboard [DELL Dell USB Entry Keyboard] on usb-0000:00:12.0-2/input0
Dec 11 18:21:40 localhost kernel: dracut: rd_NO_DM: removing DM RAID activation
Dec 11 18:21:40 localhost kernel: dracut: rd_NO_MD: removing MD RAID activation
Dec 11 18:21:40 localhost kernel: ahci 0000:00:11.0: PCI INT A -> GSI 19 (level, low) -> IRQ 19
Dec 11 18:21:40 localhost kernel: ahci 0000:00:11.0: AHCI 0001.0300 32 slots 4 ports 3 Gbps 0xf impl SATA mode
Dec 11 18:21:40 localhost kernel: ahci 0000:00:11.0: flags: 64bit ncq sntf ilck pm led clo pmp pio 
Dec 11 18:21:40 localhost kernel: scsi0 : ahci
Dec 11 18:21:40 localhost kernel: scsi1 : ahci
Dec 11 18:21:40 localhost kernel: scsi2 : ahci
Dec 11 18:21:40 localhost kernel: scsi3 : ahci
Dec 11 18:21:40 localhost kernel: ata1: SATA max UDMA/133 irq_stat 0x00400000, PHY RDY changed irq 19
Dec 11 18:21:40 localhost kernel: ata2: SATA max UDMA/133 abar m2048@0xfef4b000 port 0xfef4b180 irq 19
Dec 11 18:21:40 localhost kernel: ata3: SATA max UDMA/133 abar m2048@0xfef4b000 port 0xfef4b200 irq 19
Dec 11 18:21:40 localhost kernel: ata4: SATA max UDMA/133 abar m2048@0xfef4b000 port 0xfef4b280 irq 19
Dec 11 18:21:40 localhost kernel: ata4: SATA link down (SStatus 0 SControl 300)
Dec 11 18:21:40 localhost kernel: ata3: SATA link down (SStatus 0 SControl 300)
Dec 11 18:21:40 localhost kernel: ata2: SATA link up 1.5 Gbps (SStatus 113 SControl 300)
Dec 11 18:21:40 localhost kernel: ata2.00: ATAPI: ASUS    DRW-24B1ST   c, 1.05, max UDMA/100, ATAPI AN
Dec 11 18:21:40 localhost kernel: ata2.00: configured for UDMA/100
Dec 11 18:21:40 localhost kernel: ata1: SATA link up 3.0 Gbps (SStatus 123 SControl 300)
Dec 11 18:21:40 localhost kernel: ata1.00: ATA-9: WDC WD10EZEX-21M2NA0, 01.01A01, max UDMA/133
Dec 11 18:21:40 localhost kernel: ata1.00: 1953525168 sectors, multi 16: LBA48 NCQ (depth 31/32), AA
Dec 11 18:21:40 localhost kernel: ata1.00: configured for UDMA/133
Dec 11 18:21:40 localhost kernel: scsi 0:0:0:0: Direct-Access     ATA      WDC WD10EZEX-21M 01.0 PQ: 0 ANSI: 5
Dec 11 18:21:40 localhost kernel: scsi 1:0:0:0: CD-ROM            ASUS     DRW-24B1ST   c   1.05 PQ: 0 ANSI: 5
Dec 11 18:21:40 localhost kernel: pata_atiixp 0000:00:14.1: PCI INT B -> GSI 17 (level, low) -> IRQ 17
Dec 11 18:21:40 localhost kernel: scsi4 : pata_atiixp
Dec 11 18:21:40 localhost kernel: scsi5 : pata_atiixp
Dec 11 18:21:40 localhost kernel: ata5: PATA max UDMA/100 cmd 0x1f0 ctl 0x3f6 bmdma 0xf100 irq 14
Dec 11 18:21:40 localhost kernel: ata6: PATA max UDMA/100 cmd 0x170 ctl 0x376 bmdma 0xf108 irq 15
Dec 11 18:21:40 localhost kernel: STARTING CRC_T10DIF
Dec 11 18:21:40 localhost kernel: sd 0:0:0:0: [sda] 1953525168 512-byte logical blocks: (1.00 TB/931 GiB)
Dec 11 18:21:40 localhost kernel: sd 0:0:0:0: [sda] 4096-byte physical blocks
Dec 11 18:21:40 localhost kernel: sd 0:0:0:0: [sda] Write Protect is off
Dec 11 18:21:40 localhost kernel: sd 0:0:0:0: [sda] Write cache: enabled, read cache: enabled, doesn't support DPO or FUA
Dec 11 18:21:40 localhost kernel: sda: sda1 sda2
Dec 11 18:21:40 localhost kernel: sd 0:0:0:0: [sda] Attached SCSI disk
Dec 11 18:21:40 localhost kernel: sr0: scsi3-mmc drive: 31x/125x writer dvd-ram cd/rw xa/form2 cdda tray
Dec 11 18:21:40 localhost kernel: Uniform CD-ROM driver Revision: 3.20
Dec 11 18:21:40 localhost kernel: dracut: Scanning devices sda2  for LVM logical volumes vg_localhost/lv_swap vg_localhost/lv_root 
Dec 11 18:21:40 localhost kernel: dracut: inactive '/dev/vg_localhost/lv_root' [50.00 GiB] inherit
Dec 11 18:21:40 localhost kernel: dracut: inactive '/dev/vg_localhost/lv_home' [873.71 GiB] inherit
Dec 11 18:21:40 localhost kernel: dracut: inactive '/dev/vg_localhost/lv_swap' [7.31 GiB] inherit
Dec 11 18:21:40 localhost kernel: EXT4-fs (dm-0): mounted filesystem with ordered data mode. Opts: 
Dec 11 18:21:40 localhost kernel: dracut: Mounted root filesystem /dev/mapper/vg_localhost-lv_root
Dec 11 18:21:40 localhost kernel: dracut: Loading SELinux policy
Dec 11 18:21:40 localhost kernel: type=1404 audit(1418343689.367:2): enforcing=1 old_enforcing=0 auid=4294967295 ses=4294967295
Dec 11 18:21:40 localhost kernel: type=1403 audit(1418343690.311:3): policy loaded auid=4294967295 ses=4294967295
Dec 11 18:21:40 localhost kernel: dracut: 
Dec 11 18:21:40 localhost kernel: dracut: Switching root
Dec 11 18:21:40 localhost kernel: udev: starting version 147
Dec 11 18:21:40 localhost kernel: piix4_smbus 0000:00:14.0: SMBus Host Controller at 0xb00, revision 0
Dec 11 18:21:40 localhost kernel: snd_hda_intel 0000:00:14.2: PCI INT A -> GSI 16 (level, low) -> IRQ 16
Dec 11 18:21:40 localhost kernel: input: HD-Audio Generic Front Headphone as /devices/pci0000:00/0000:00:14.2/sound/card0/input5
Dec 11 18:21:40 localhost kernel: input: HD-Audio Generic Line Out as /devices/pci0000:00/0000:00:14.2/sound/card0/input6
Dec 11 18:21:40 localhost kernel: input: HD-Audio Generic Line as /devices/pci0000:00/0000:00:14.2/sound/card0/input7
Dec 11 18:21:40 localhost kernel: input: HD-Audio Generic Rear Mic as /devices/pci0000:00/0000:00:14.2/sound/card0/input8
Dec 11 18:21:40 localhost kernel: input: HD-Audio Generic Front Mic as /devices/pci0000:00/0000:00:14.2/sound/card0/input9
Dec 11 18:21:40 localhost kernel: r8169 Gigabit Ethernet driver 2.3LK-NAPI loaded
Dec 11 18:21:40 localhost kernel: r8169 0000:03:00.0: PCI INT A -> GSI 17 (level, low) -> IRQ 17
Dec 11 18:21:40 localhost kernel: r8169 0000:03:00.0: eth0: RTL8168evl/8111evl at 0xffffc90000c68000, c8:60:00:e0:6d:82, XID 0c900800 IRQ 27
Dec 11 18:21:40 localhost kernel: r8169 0000:03:00.0: eth0: jumbo features [frames: 9200 bytes, tx checksumming: ko]
Dec 11 18:21:40 localhost kernel: sd 0:0:0:0: Attached scsi generic sg0 type 0
Dec 11 18:21:40 localhost kernel: sr 1:0:0:0: Attached scsi generic sg1 type 5
Dec 11 18:21:40 localhost kernel: parport_pc 00:04: reported by Plug and Play ACPI
Dec 11 18:21:40 localhost kernel: parport0: PC-style at 0x378, irq 5 [PCSPP,TRISTATE]
Dec 11 18:21:40 localhost kernel: platform microcode: firmware: requesting amd-ucode/microcode_amd.bin
Dec 11 18:21:40 localhost kernel: microcode: CPU0: patch_level=0x3000027
Dec 11 18:21:40 localhost kernel: microcode: CPU1: patch_level=0x3000027
Dec 11 18:21:40 localhost kernel: microcode: CPU2: patch_level=0x3000027
Dec 11 18:21:40 localhost kernel: Microcode Update Driver: v2.00 <tigran@aivazian.fsnet.co.uk>, Peter Oruba
Dec 11 18:21:40 localhost kernel: ppdev: user-space parallel port driver
Dec 11 18:21:40 localhost kernel: kvm: Nested Virtualization enabled
Dec 11 18:21:40 localhost kernel: kvm: Nested Paging enabled
Dec 11 18:21:40 localhost kernel: tun: Universal TUN/TAP device driver, 1.6
Dec 11 18:21:40 localhost kernel: tun: (C) 1999-2004 Max Krasnyansky <maxk@qualcomm.com>
Dec 11 18:21:40 localhost kernel: EXT4-fs (sda1): mounted filesystem with ordered data mode. Opts: 
Dec 11 18:21:40 localhost kernel: EXT4-fs (dm-2): mounted filesystem with ordered data mode. Opts: 
Dec 11 18:21:40 localhost kernel: Adding 7667708k swap on /dev/mapper/vg_localhost-lv_swap.  Priority:-1 extents:1 across:7667708k 
Dec 11 18:21:40 localhost kernel: NET: Registered protocol family 10
Dec 11 18:21:40 localhost kernel: lo: Disabled Privacy Extensions
Dec 11 18:21:40 localhost kernel: ip6_tables: (C) 2000-2006 Netfilter Core Team
Dec 11 18:21:40 localhost kernel: nf_conntrack version 0.5.0 (16384 buckets, 65536 max)
Dec 11 18:21:40 localhost kernel: ip_tables: (C) 2000-2006 Netfilter Core Team
Dec 11 18:21:40 localhost kernel: type=1305 audit(1418343699.774:4): audit_pid=1453 old=0 auid=4294967295 ses=4294967295 subj=system_u:system_r:auditd_t:s0 res=1
Dec 11 18:21:40 localhost kernel: powernow-k8: Found 1 AMD A6-3500 APU with Radeon(tm) HD Graphics (3 cpu cores) (version 2.20.00)
Dec 11 18:21:40 localhost kernel: powernow-k8: Core Performance Boosting: on.
Dec 11 18:21:40 localhost kernel: powernow-k8:    0 : pstate 0 (2100 MHz)
Dec 11 18:21:40 localhost kernel: powernow-k8:    1 : pstate 1 (1900 MHz)
Dec 11 18:21:40 localhost kernel: powernow-k8:    2 : pstate 2 (1600 MHz)
Dec 11 18:21:40 localhost kernel: powernow-k8:    3 : pstate 3 (1400 MHz)
Dec 11 18:21:40 localhost kernel: powernow-k8:    4 : pstate 4 (1200 MHz)
Dec 11 18:21:40 localhost kernel: powernow-k8:    5 : pstate 5 (1000 MHz)
Dec 11 18:21:40 localhost kernel: powernow-k8:    6 : pstate 6 (800 MHz)
Dec 11 18:21:40 localhost cpuspeed: Enabling ondemand cpu frequency scaling governor
Dec 11 18:22:25 localhost kdump: kexec: loaded kdump kernel
Dec 11 18:22:25 localhost kdump: started up
Dec 11 18:22:26 localhost NetworkManager[9159]: <info> NetworkManager (version 0.8.1-75.el6) is starting...
Dec 11 18:22:26 localhost NetworkManager[9159]: <info> Read config file /etc/NetworkManager/NetworkManager.conf
Dec 11 18:22:26 localhost NetworkManager[9159]: <info> trying to start the modem manager...
Dec 11 18:22:26 localhost modem-manager: ModemManager (version 0.4.0-5.git20100628.el6) starting...
Dec 11 18:22:26 localhost modem-manager: Loaded plugin Longcheer
Dec 11 18:22:26 localhost modem-manager: Loaded plugin AnyData
Dec 11 18:22:26 localhost modem-manager: Loaded plugin Ericsson MBM
Dec 11 18:22:26 localhost modem-manager: Loaded plugin MotoC
Dec 11 18:22:26 localhost modem-manager: Loaded plugin Sierra
Dec 11 18:22:26 localhost modem-manager: Loaded plugin Novatel
Dec 11 18:22:26 localhost modem-manager: Loaded plugin Gobi
Dec 11 18:22:26 localhost modem-manager: Loaded plugin Generic
Dec 11 18:22:26 localhost modem-manager: Loaded plugin Option
Dec 11 18:22:26 localhost modem-manager: Loaded plugin Option High-Speed
Dec 11 18:22:26 localhost modem-manager: Loaded plugin Huawei
Dec 11 18:22:26 localhost modem-manager: Loaded plugin SimTech
Dec 11 18:22:26 localhost modem-manager: Loaded plugin Nokia
Dec 11 18:22:26 localhost modem-manager: Loaded plugin ZTE
Dec 11 18:22:26 localhost NetworkManager[9159]: <info> monitoring kernel firmware directory '/lib/firmware'.
Dec 11 18:22:26 localhost NetworkManager[9159]: <info> Bonding/Bridging/VLAN support disabled
Dec 11 18:22:26 localhost NetworkManager[9159]:    ifcfg-rh: Acquired D-Bus service com.redhat.ifcfgrh1
Dec 11 18:22:26 localhost NetworkManager[9159]: <info> Loaded plugin ifcfg-rh: (c) 2007 - 2008 Red Hat, Inc.  To report bugs please use the NetworkManager mailing list.
Dec 11 18:22:26 localhost NetworkManager[9159]: <info> Loaded plugin keyfile: (c) 2007 - 2008 Red Hat, Inc.  To report bugs please use the NetworkManager mailing list.
Dec 11 18:22:26 localhost NetworkManager[9159]:    ifcfg-rh: parsing /etc/sysconfig/network-scripts/ifcfg-eth0 ... 
Dec 11 18:22:26 localhost NetworkManager[9159]:    ifcfg-rh:     read connection 'System eth0'
Dec 11 18:22:26 localhost NetworkManager[9159]:    ifcfg-rh: parsing /etc/sysconfig/network-scripts/ifcfg-lo ... 
Dec 11 18:22:26 localhost NetworkManager[9159]: <info> WiFi enabled by radio killswitch; enabled by state file
Dec 11 18:22:26 localhost NetworkManager[9159]: <info> WWAN enabled by radio killswitch; enabled by state file
Dec 11 18:22:26 localhost NetworkManager[9159]: <info> WiMAX enabled by radio killswitch; enabled by state file
Dec 11 18:22:26 localhost NetworkManager[9159]: <info> Networking is enabled by state file
Dec 11 18:22:26 localhost rpc.statd[9182]: Version 1.2.3 starting
Dec 11 18:22:26 localhost sm-notify[9183]: Version 1.2.3 starting
Dec 11 18:22:26 localhost rpc.statd[9182]: Initializing NSM state
Dec 11 18:22:26 localhost kernel: 802.1Q VLAN Support v1.8 Ben Greear <greearb@candelatech.com>
Dec 11 18:22:26 localhost kernel: All bugs added by David S. Miller <davem@redhat.com>
Dec 11 18:22:26 localhost NetworkManager[9159]: <info> (eth0): carrier is OFF
Dec 11 18:22:26 localhost NetworkManager[9159]: <info> (eth0): new Ethernet device (driver: 'r8169' ifindex: 2)
Dec 11 18:22:26 localhost NetworkManager[9159]: <info> (eth0): exported as /org/freedesktop/NetworkManager/Devices/0
Dec 11 18:22:26 localhost NetworkManager[9159]: <info> (eth0): now managed
Dec 11 18:22:26 localhost NetworkManager[9159]: <info> (eth0): device state change: unmanaged -> unavailable (reason 'managed') [1 2 2]
Dec 11 18:22:26 localhost NetworkManager[9159]: <info> (eth0): bringing up device.
Dec 11 18:22:26 localhost kernel: r8169 0000:03:00.0: firmware: requesting rtl_nic/rtl8168e-3.fw
Dec 11 18:22:26 localhost kernel: r8169 0000:03:00.0: eth0: link down
Dec 11 18:22:26 localhost kernel: r8169 0000:03:00.0: eth0: link down
Dec 11 18:22:26 localhost NetworkManager[9159]: <info> (eth0): preparing device.
Dec 11 18:22:26 localhost NetworkManager[9159]: <info> (eth0): deactivating device (reason 'managed') [2]
Dec 11 18:22:26 localhost kernel: ADDRCONF(NETDEV_UP): eth0: link is not ready
Dec 11 18:22:26 localhost NetworkManager[9159]: <info> modem-manager is now available
Dec 11 18:22:26 localhost NetworkManager[9159]: <info> Trying to start the supplicant...
Dec 11 18:22:27 localhost NetworkManager[9159]: <info> wpa_supplicant started
Dec 11 18:22:27 localhost acpid: starting up
Dec 11 18:22:27 localhost acpid: 1 rule loaded
Dec 11 18:22:27 localhost acpid: waiting for events: event logging is off
Dec 11 18:22:28 localhost acpid: client connected from 9307[68:68]
Dec 11 18:22:28 localhost acpid: 1 client rule loaded
Dec 11 18:22:29 localhost udevd[486]: GOTO 'pulseaudio_check_usb' has no matching label in: '/lib/udev/rules.d/90-pulseaudio.rules'
Dec 11 18:22:29 localhost udevd[486]: GOTO 'pulseaudio_check_usb' has no matching label in: '/lib/udev/rules.d/90-pulseaudio.rules'
Dec 11 18:22:29 localhost kernel: r8169 0000:03:00.0: eth0: link up
Dec 11 18:22:29 localhost kernel: ADDRCONF(NETDEV_CHANGE): eth0: link becomes ready
Dec 11 18:22:29 localhost NetworkManager[9159]: <info> (eth0): carrier now ON (device state 2)
Dec 11 18:22:29 localhost NetworkManager[9159]: <info> (eth0): device state change: unavailable -> disconnected (reason 'carrier-chagned') [2 3 40]
Dec 11 18:22:30 localhost automount[9335]: lookup_read_master: lookup(nisplus): couldn't locate nis+ table auto.master
Dec 11 18:22:34 localhost abrtd: Init complete, entering main loop
Dec 11 18:22:35 localhost libvirtd: Could not find keytab file: /etc/libvirt/krb5.tab: No such file or directory
Dec 11 18:22:35 localhost kernel: Bridge firewalling registered
Dec 11 18:22:35 localhost kernel: device virbr0-nic entered promiscuous mode
Dec 11 18:22:35 localhost kernel: virbr0: starting userspace STP failed, starting kernel STP
Dec 11 18:22:35 localhost NetworkManager[9159]: <warn> /sys/devices/virtual/net/virbr0-nic: couldn't determine device driver; ignoring...
Dec 11 18:22:36 localhost dnsmasq[9697]: started, version 2.48 cachesize 150
Dec 11 18:22:36 localhost dnsmasq[9697]: compile time options: IPv6 GNU-getopt DBus no-I18N DHCP TFTP "--bind-interfaces with SO_BINDTODEVICE"
Dec 11 18:22:36 localhost dnsmasq-dhcp[9697]: DHCP, IP range 192.168.122.2 -- 192.168.122.254, lease time 1h
Dec 11 18:22:36 localhost dnsmasq[9697]: no servers found in /etc/resolv.conf, will retry
Dec 11 18:22:36 localhost dnsmasq[9697]: read /etc/hosts - 2 addresses
Dec 11 18:22:36 localhost dnsmasq[9697]: read /var/lib/libvirt/dnsmasq/default.addnhosts - 0 addresses
Dec 11 18:22:36 localhost dnsmasq[9697]: read /var/lib/libvirt/dnsmasq/default.hostsfile
Dec 11 18:22:36 localhost abrt[9708]: File '/bin/plymouthd' seems to be deleted
Dec 11 18:22:36 localhost abrt[9708]: Saved core dump of pid 177 (/bin/plymouthd) to /var/spool/abrt/ccpp-2014-12-11-18:22:36-177 (14016512 bytes)
Dec 11 18:22:36 localhost abrtd: Directory 'ccpp-2014-12-11-18:22:36-177' creation detected
Dec 11 18:22:37 localhost kernel: Ebtables v2.0 registered
Dec 11 18:22:37 localhost abrtd: Executable '/bin/plymouthd' doesn't belong to any package and ProcessUnpackaged is set to 'no'
Dec 11 18:22:37 localhost abrtd: 'post-create' on '/var/spool/abrt/ccpp-2014-12-11-18:22:36-177' exited with 1
Dec 11 18:22:37 localhost abrtd: Deleting problem directory '/var/spool/abrt/ccpp-2014-12-11-18:22:36-177'
Dec 11 18:22:38 localhost kernel: lo: Disabled Privacy Extensions
Dec 11 18:23:23 localhost ntpd[9869]: ntpd 4.2.6p5@1.2349-o Sat Nov 23 18:21:48 UTC 2013 (1)
Dec 11 18:23:23 localhost ntpd[9870]: proto: precision = 0.341 usec
Dec 11 18:23:23 localhost ntpd[9870]: 0.0.0.0 c01d 0d kern kernel time sync enabled
Dec 11 18:23:23 localhost ntpd[9870]: Listen and drop on 0 v4wildcard 0.0.0.0 UDP 123
Dec 11 18:23:23 localhost ntpd[9870]: Listen and drop on 1 v6wildcard :: UDP 123
Dec 11 18:23:23 localhost ntpd[9870]: Listen normally on 2 lo 127.0.0.1 UDP 123
Dec 11 18:23:23 localhost ntpd[9870]: Listen normally on 3 virbr0 192.168.122.1 UDP 123
Dec 11 18:23:23 localhost ntpd[9870]: Listen normally on 4 lo ::1 UDP 123
Dec 11 18:23:23 localhost ntpd[9870]: Listen normally on 5 eth0 fe80::ca60:ff:fee0:6d82 UDP 123
Dec 11 18:23:23 localhost ntpd[9870]: peers refreshed
Dec 11 18:23:23 localhost ntpd[9870]: Listening on routing socket on fd #22 for interface updates
Dec 11 18:23:23 localhost ntpd[9870]: Deferring DNS for 0.centos.pool.ntp.org 1
Dec 11 18:23:23 localhost ntpd[9870]: Deferring DNS for 1.centos.pool.ntp.org 1
Dec 11 18:23:23 localhost ntpd[9870]: Deferring DNS for 2.centos.pool.ntp.org 1
Dec 11 18:23:23 localhost ntpd[9870]: Deferring DNS for 3.centos.pool.ntp.org 1
Dec 11 18:23:23 localhost ntpd[9870]: 0.0.0.0 c016 06 restart
Dec 11 18:23:23 localhost ntpd[9870]: 0.0.0.0 c012 02 freq_set kernel 0.000 PPM
Dec 11 18:23:23 localhost ntpd[9870]: 0.0.0.0 c011 01 freq_not_set
Dec 11 18:23:41 localhost init: rc main process (1266) killed by TERM signal
Dec 11 18:23:42 localhost abrtd: Got signal 15, exiting
Dec 11 18:23:46 localhost acpid: exiting
Dec 11 18:23:46 localhost ntpd[9870]: ntpd exiting on signal 15
Dec 11 18:23:47 localhost NetworkManager[9159]: <info> caught signal 15, shutting down normally.
Dec 11 18:23:47 localhost NetworkManager[9159]: <info> (eth0): cleaning up...
Dec 11 18:23:47 localhost NetworkManager[9159]: <info> (eth0): taking down device.
Dec 11 18:23:47 localhost NetworkManager[9159]: <info> exiting (success)
Dec 11 18:23:48 localhost init: Disconnected from system bus
Dec 11 18:23:48 localhost rpcbind: rpcbind terminating on signal. Restart with "rpcbind -w"
Dec 11 18:23:48 localhost auditd[1453]: The audit daemon is exiting.
Dec 11 18:23:48 localhost kernel: type=1305 audit(1418343828.246:30): audit_pid=0 old=1453 auid=4294967295 ses=4294967295 subj=system_u:system_r:auditd_t:s0 res=1
Dec 11 18:23:48 localhost kernel: type=1305 audit(1418343828.361:31): audit_enabled=0 old=1 auid=4294967295 ses=4294967295 subj=system_u:system_r:auditctl_t:s0 res=1
Dec 11 18:23:48 localhost kernel: Kernel logging (proc) stopped.
Dec 11 18:23:48 localhost rsyslogd: [origin software="rsyslogd" swVersion="5.8.10" x-pid="1483" x-info="http://www.rsyslog.com"] exiting on signal 15.
Dec 11 18:25:15 localhost kernel: imklog 5.8.10, log source = /proc/kmsg started.
Dec 11 18:25:15 localhost rsyslogd: [origin software="rsyslogd" swVersion="5.8.10" x-pid="1478" x-info="http://www.rsyslog.com"] start
Dec 11 18:25:15 localhost kernel: Initializing cgroup subsys cpuset
Dec 11 18:25:15 localhost kernel: Initializing cgroup subsys cpu
Dec 11 18:25:15 localhost kernel: Linux version 2.6.32-504.el6.x86_64 (mockbuild@c6b9.bsys.dev.centos.org) (gcc version 4.4.7 20120313 (Red Hat 4.4.7-11) (GCC) ) #1 SMP Wed Oct 15 04:27:16 UTC 2014
Dec 11 18:25:15 localhost kernel: Command line: ro root=/dev/mapper/vg_localhost-lv_root rd_NO_LUKS LANG=en_US.UTF-8 rd_NO_MD rd_LVM_LV=vg_localhost/lv_swap SYSFONT=latarcyrheb-sun16 crashkernel=128M rd_LVM_LV=vg_localhost/lv_root  KEYBOARDTYPE=pc KEYTABLE=us rd_NO_DM rhgb quiet
Dec 11 18:25:15 localhost kernel: KERNEL supported cpus:
Dec 11 18:25:15 localhost kernel:  Intel GenuineIntel
Dec 11 18:25:15 localhost kernel:  AMD AuthenticAMD
Dec 11 18:25:15 localhost kernel:  Centaur CentaurHauls
Dec 11 18:25:15 localhost kernel: BIOS-provided physical RAM map:
Dec 11 18:25:15 localhost kernel: BIOS-e820: 0000000000000000 - 000000000009ec00 (usable)
Dec 11 18:25:15 localhost kernel: BIOS-e820: 000000000009ec00 - 00000000000a0000 (reserved)
Dec 11 18:25:15 localhost kernel: BIOS-e820: 00000000000e0000 - 0000000000100000 (reserved)
Dec 11 18:25:15 localhost kernel: BIOS-e820: 0000000000100000 - 00000000bf8ee000 (usable)
Dec 11 18:25:15 localhost kernel: BIOS-e820: 00000000bf8ee000 - 00000000bf940000 (reserved)
Dec 11 18:25:15 localhost kernel: BIOS-e820: 00000000bf940000 - 00000000bfb43000 (ACPI NVS)
Dec 11 18:25:15 localhost kernel: BIOS-e820: 00000000bfb43000 - 00000000bfe29000 (usable)
Dec 11 18:25:15 localhost kernel: BIOS-e820: 00000000bfe29000 - 00000000bfe76000 (ACPI NVS)
Dec 11 18:25:15 localhost kernel: BIOS-e820: 00000000bfe76000 - 00000000bfe7f000 (ACPI data)
Dec 11 18:25:15 localhost kernel: BIOS-e820: 00000000bfe7f000 - 00000000bfe82000 (ACPI NVS)
Dec 11 18:25:15 localhost kernel: BIOS-e820: 00000000bfe82000 - 00000000bfe83000 (usable)
Dec 11 18:25:15 localhost kernel: BIOS-e820: 00000000bfe83000 - 00000000bfeab000 (reserved)
Dec 11 18:25:15 localhost kernel: BIOS-e820: 00000000bfeab000 - 00000000bfebc000 (ACPI NVS)
Dec 11 18:25:15 localhost kernel: BIOS-e820: 00000000bfebc000 - 00000000bfec9000 (reserved)
Dec 11 18:25:15 localhost kernel: BIOS-e820: 00000000bfec9000 - 00000000bfeca000 (ACPI NVS)
Dec 11 18:25:15 localhost kernel: BIOS-e820: 00000000bfeca000 - 00000000bfeda000 (reserved)
Dec 11 18:25:15 localhost kernel: BIOS-e820: 00000000bfeda000 - 00000000bfedb000 (ACPI NVS)
Dec 11 18:25:15 localhost kernel: BIOS-e820: 00000000bfedb000 - 00000000bfedc000 (reserved)
Dec 11 18:25:15 localhost kernel: BIOS-e820: 00000000bfedc000 - 00000000bfee2000 (ACPI NVS)
Dec 11 18:25:15 localhost kernel: BIOS-e820: 00000000bfee2000 - 00000000bfef5000 (reserved)
Dec 11 18:25:15 localhost kernel: BIOS-e820: 00000000bfef5000 - 00000000bff00000 (usable)
Dec 11 18:25:15 localhost kernel: BIOS-e820: 00000000e0000000 - 00000000f0000000 (reserved)
Dec 11 18:25:15 localhost kernel: BIOS-e820: 00000000fec00000 - 00000000fec01000 (reserved)
Dec 11 18:25:15 localhost kernel: BIOS-e820: 00000000fec10000 - 00000000fec11000 (reserved)
Dec 11 18:25:15 localhost kernel: BIOS-e820: 00000000fed00000 - 00000000fed01000 (reserved)
Dec 11 18:25:15 localhost kernel: BIOS-e820: 00000000fed61000 - 00000000fed71000 (reserved)
Dec 11 18:25:15 localhost kernel: BIOS-e820: 00000000fed80000 - 00000000fed90000 (reserved)
Dec 11 18:25:15 localhost kernel: BIOS-e820: 00000000ff000000 - 0000000100000000 (reserved)
Dec 11 18:25:15 localhost kernel: BIOS-e820: 0000000100001000 - 000000021f000000 (usable)
Dec 11 18:25:15 localhost kernel: DMI 2.6 present.
Dec 11 18:25:15 localhost kernel: SMBIOS version 2.6 @ 0xF0480
Dec 11 18:25:15 localhost kernel: AMI BIOS detected: BIOS may corrupt low RAM, working around it.
Dec 11 18:25:15 localhost kernel: last_pfn = 0x21f000 max_arch_pfn = 0x400000000
Dec 11 18:25:15 localhost kernel: x86 PAT enabled: cpu 0, old 0x7040600070406, new 0x7010600070106
Dec 11 18:25:15 localhost kernel: total RAM covered: 3071M
Dec 11 18:25:15 localhost kernel: Found optimal setting for mtrr clean up
Dec 11 18:25:15 localhost kernel: gran_size: 64K 	chunk_size: 2M 	num_reg: 3  	lose cover RAM: 0G
Dec 11 18:25:15 localhost kernel: last_pfn = 0xbff00 max_arch_pfn = 0x400000000
Dec 11 18:25:15 localhost kernel: Using GB pages for direct mapping
Dec 11 18:25:15 localhost kernel: init_memory_mapping: 0000000000000000-00000000bff00000
Dec 11 18:25:15 localhost kernel: init_memory_mapping: 0000000100000000-000000021f000000
Dec 11 18:25:15 localhost kernel: RAMDISK: 36d5a000 - 37fef70f
Dec 11 18:25:15 localhost kernel: ACPI: RSDP 00000000000f0450 00024 (v02 ALASKA)
Dec 11 18:25:15 localhost kernel: ACPI: XSDT 00000000bfe76068 00054 (v01 ALASKA    A M I 01072009 AMI  00010013)
Dec 11 18:25:15 localhost kernel: ACPI: FACP 00000000bfe7ce70 000F4 (v04 ALASKA    A M I 01072009 AMI  00010013)
Dec 11 18:25:15 localhost kernel: ACPI Warning: Optional field Pm2ControlBlock has zero address or length: 0x0000000000000000/0x1 (20090903/tbfadt-561)
Dec 11 18:25:15 localhost kernel: ACPI: DSDT 00000000bfe76150 06D1B (v02 ALASKA    A M I 00000000 INTL 20051117)
Dec 11 18:25:15 localhost kernel: ACPI: FACS 00000000bfedcf80 00040
Dec 11 18:25:15 localhost kernel: ACPI: APIC 00000000bfe7cf68 00072 (v03 ALASKA    A M I 01072009 AMI  00010013)
Dec 11 18:25:15 localhost kernel: ACPI: MCFG 00000000bfe7cfe0 0003C (v01 A M I  GMCH945. 01072009 MSFT 00000097)
Dec 11 18:25:15 localhost kernel: ACPI: HPET 00000000bfe7d020 00038 (v01 ALASKA    A M I 01072009 AMI  00000004)
Dec 11 18:25:15 localhost kernel: ACPI: SSDT 00000000bfe7d058 00AB0 (v01 AMD    POWERNOW 00000001 AMD  00000001)
Dec 11 18:25:15 localhost kernel: ACPI: SSDT 00000000bfe7db08 00695 (v02    AMD     ALIB 00000001 MSFT 04000000)
Dec 11 18:25:15 localhost kernel: Setting APIC routing to flat.
Dec 11 18:25:15 localhost kernel: No NUMA configuration found
Dec 11 18:25:15 localhost kernel: Faking a node at 0000000000000000-000000021f000000
Dec 11 18:25:15 localhost kernel: Bootmem setup node 0 0000000000000000-000000021f000000
Dec 11 18:25:15 localhost kernel:  NODE_DATA [0000000000013000 - 0000000000046fff]
Dec 11 18:25:15 localhost kernel:  bootmap [0000000000047000 -  000000000008adff] pages 44
Dec 11 18:25:15 localhost kernel: (8 early reservations) ==> bootmem [0000000000 - 021f000000]
Dec 11 18:25:15 localhost kernel:  #0 [0000000000 - 0000001000]   BIOS data page ==> [0000000000 - 0000001000]
Dec 11 18:25:15 localhost kernel:  #1 [0000006000 - 0000008000]       TRAMPOLINE ==> [0000006000 - 0000008000]
Dec 11 18:25:15 localhost kernel:  #2 [0001000000 - 000202abe4]    TEXT DATA BSS ==> [0001000000 - 000202abe4]
Dec 11 18:25:15 localhost kernel:  #3 [0036d5a000 - 0037fef70f]          RAMDISK ==> [0036d5a000 - 0037fef70f]
Dec 11 18:25:15 localhost kernel:  #4 [000009ec00 - 0000100000]    BIOS reserved ==> [000009ec00 - 0000100000]
Dec 11 18:25:15 localhost kernel:  #5 [000202b000 - 000202b435]              BRK ==> [000202b000 - 000202b435]
Dec 11 18:25:15 localhost kernel:  #6 [0000010000 - 0000012000]          PGTABLE ==> [0000010000 - 0000012000]
Dec 11 18:25:15 localhost kernel:  #7 [0000012000 - 0000013000]          PGTABLE ==> [0000012000 - 0000013000]
Dec 11 18:25:15 localhost kernel: found SMP MP-table at [ffff8800000fcdc0] fcdc0
Dec 11 18:25:15 localhost kernel: Reserving 128MB of memory at 48MB for crashkernel (System RAM: 8688MB)
Dec 11 18:25:15 localhost kernel: Zone PFN ranges:
Dec 11 18:25:15 localhost kernel:  DMA      0x00000010 -> 0x00001000
Dec 11 18:25:15 localhost kernel:  DMA32    0x00001000 -> 0x00100000
Dec 11 18:25:15 localhost kernel:  Normal   0x00100000 -> 0x0021f000
Dec 11 18:25:15 localhost kernel: Movable zone start PFN for each node
Dec 11 18:25:15 localhost kernel: early_node_map[6] active PFN ranges
Dec 11 18:25:15 localhost kernel:    0: 0x00000010 -> 0x0000009e
Dec 11 18:25:15 localhost kernel:    0: 0x00000100 -> 0x000bf8ee
Dec 11 18:25:15 localhost kernel:    0: 0x000bfb43 -> 0x000bfe29
Dec 11 18:25:15 localhost kernel:    0: 0x000bfe82 -> 0x000bfe83
Dec 11 18:25:15 localhost kernel:    0: 0x000bfef5 -> 0x000bff00
Dec 11 18:25:15 localhost kernel:    0: 0x00100001 -> 0x0021f000
Dec 11 18:25:15 localhost kernel: ACPI: PM-Timer IO Port: 0x808
Dec 11 18:25:15 localhost kernel: Setting APIC routing to flat.
Dec 11 18:25:15 localhost kernel: ACPI: LAPIC (acpi_id[0x01] lapic_id[0x00] enabled)
Dec 11 18:25:15 localhost kernel: ACPI: LAPIC (acpi_id[0x02] lapic_id[0x01] enabled)
Dec 11 18:25:15 localhost kernel: ACPI: LAPIC (acpi_id[0x03] lapic_id[0x02] enabled)
Dec 11 18:25:15 localhost kernel: ACPI: LAPIC (acpi_id[0x04] lapic_id[0x04] disabled)
Dec 11 18:25:15 localhost kernel: ACPI: LAPIC_NMI (acpi_id[0xff] high edge lint[0x1])
Dec 11 18:25:15 localhost kernel: ACPI: IOAPIC (id[0x04] address[0xfec00000] gsi_base[0])
Dec 11 18:25:15 localhost kernel: IOAPIC[0]: apic_id 4, version 33, address 0xfec00000, GSI 0-23
Dec 11 18:25:15 localhost kernel: ACPI: INT_SRC_OVR (bus 0 bus_irq 0 global_irq 2 dfl dfl)
Dec 11 18:25:15 localhost kernel: ACPI: INT_SRC_OVR (bus 0 bus_irq 9 global_irq 9 low level)
Dec 11 18:25:15 localhost kernel: Using ACPI (MADT) for SMP configuration information
Dec 11 18:25:15 localhost kernel: ACPI: HPET id: 0xffffffff base: 0xfed00000
Dec 11 18:25:15 localhost kernel: SMP: Allowing 4 CPUs, 1 hotplug CPUs
Dec 11 18:25:15 localhost kernel: PM: Registered nosave memory: 000000000009e000 - 000000000009f000
Dec 11 18:25:15 localhost kernel: PM: Registered nosave memory: 000000000009f000 - 00000000000a0000
Dec 11 18:25:15 localhost kernel: PM: Registered nosave memory: 00000000000a0000 - 00000000000e0000
Dec 11 18:25:15 localhost kernel: PM: Registered nosave memory: 00000000000e0000 - 0000000000100000
Dec 11 18:25:15 localhost kernel: PM: Registered nosave memory: 00000000bf8ee000 - 00000000bf940000
Dec 11 18:25:15 localhost kernel: PM: Registered nosave memory: 00000000bf940000 - 00000000bfb43000
Dec 11 18:25:15 localhost kernel: PM: Registered nosave memory: 00000000bfe29000 - 00000000bfe76000
Dec 11 18:25:15 localhost kernel: PM: Registered nosave memory: 00000000bfe76000 - 00000000bfe7f000
Dec 11 18:25:15 localhost kernel: PM: Registered nosave memory: 00000000bfe7f000 - 00000000bfe82000
Dec 11 18:25:15 localhost kernel: PM: Registered nosave memory: 00000000bfe83000 - 00000000bfeab000
Dec 11 18:25:15 localhost kernel: PM: Registered nosave memory: 00000000bfeab000 - 00000000bfebc000
Dec 11 18:25:15 localhost kernel: PM: Registered nosave memory: 00000000bfebc000 - 00000000bfec9000
Dec 11 18:25:15 localhost kernel: PM: Registered nosave memory: 00000000bfec9000 - 00000000bfeca000
Dec 11 18:25:15 localhost kernel: PM: Registered nosave memory: 00000000bfeca000 - 00000000bfeda000
Dec 11 18:25:15 localhost kernel: PM: Registered nosave memory: 00000000bfeda000 - 00000000bfedb000
Dec 11 18:25:15 localhost kernel: PM: Registered nosave memory: 00000000bfedb000 - 00000000bfedc000
Dec 11 18:25:15 localhost kernel: PM: Registered nosave memory: 00000000bfedc000 - 00000000bfee2000
Dec 11 18:25:15 localhost kernel: PM: Registered nosave memory: 00000000bfee2000 - 00000000bfef5000
Dec 11 18:25:15 localhost kernel: PM: Registered nosave memory: 00000000bff00000 - 00000000e0000000
Dec 11 18:25:15 localhost kernel: PM: Registered nosave memory: 00000000e0000000 - 00000000f0000000
Dec 11 18:25:15 localhost kernel: PM: Registered nosave memory: 00000000f0000000 - 00000000fec00000
Dec 11 18:25:15 localhost kernel: PM: Registered nosave memory: 00000000fec00000 - 00000000fec01000
Dec 11 18:25:15 localhost kernel: PM: Registered nosave memory: 00000000fec01000 - 00000000fec10000
Dec 11 18:25:15 localhost kernel: PM: Registered nosave memory: 00000000fec10000 - 00000000fec11000
Dec 11 18:25:15 localhost kernel: PM: Registered nosave memory: 00000000fec11000 - 00000000fed00000
Dec 11 18:25:15 localhost kernel: PM: Registered nosave memory: 00000000fed00000 - 00000000fed01000
Dec 11 18:25:15 localhost kernel: PM: Registered nosave memory: 00000000fed01000 - 00000000fed61000
Dec 11 18:25:15 localhost kernel: PM: Registered nosave memory: 00000000fed61000 - 00000000fed71000
Dec 11 18:25:15 localhost kernel: PM: Registered nosave memory: 00000000fed71000 - 00000000fed80000
Dec 11 18:25:15 localhost kernel: PM: Registered nosave memory: 00000000fed80000 - 00000000fed90000
Dec 11 18:25:15 localhost kernel: PM: Registered nosave memory: 00000000fed90000 - 00000000ff000000
Dec 11 18:25:15 localhost kernel: PM: Registered nosave memory: 00000000ff000000 - 0000000100000000
Dec 11 18:25:15 localhost kernel: PM: Registered nosave memory: 0000000100000000 - 0000000100001000
Dec 11 18:25:15 localhost kernel: Allocating PCI resources starting at bff00000 (gap: bff00000:20100000)
Dec 11 18:25:15 localhost kernel: Booting paravirtualized kernel on bare hardware
Dec 11 18:25:15 localhost kernel: NR_CPUS:4096 nr_cpumask_bits:4 nr_cpu_ids:4 nr_node_ids:1
Dec 11 18:25:15 localhost kernel: PERCPU: Embedded 31 pages/cpu @ffff880028200000 s95064 r8192 d23720 u524288
Dec 11 18:25:15 localhost kernel: pcpu-alloc: s95064 r8192 d23720 u524288 alloc=1*2097152
Dec 11 18:25:15 localhost kernel: pcpu-alloc: [0] 0 1 2 3 
Dec 11 18:25:15 localhost kernel: Built 1 zonelists in Zone order, mobility grouping on.  Total pages: 1930302
Dec 11 18:25:15 localhost kernel: Policy zone: Normal
Dec 11 18:25:15 localhost kernel: Kernel command line: ro root=/dev/mapper/vg_localhost-lv_root rd_NO_LUKS LANG=en_US.UTF-8 rd_NO_MD rd_LVM_LV=vg_localhost/lv_swap SYSFONT=latarcyrheb-sun16 crashkernel=128M rd_LVM_LV=vg_localhost/lv_root  KEYBOARDTYPE=pc KEYTABLE=us rd_NO_DM rhgb quiet
Dec 11 18:25:15 localhost kernel: PID hash table entries: 4096 (order: 3, 32768 bytes)
Dec 11 18:25:15 localhost kernel: Checking aperture...
Dec 11 18:25:15 localhost kernel: No AGP bridge found
Dec 11 18:25:15 localhost kernel: AMD-Vi disabled by default: pass amd_iommu=on to enable
Dec 11 18:25:15 localhost kernel: PCI-DMA: Using software bounce buffering for IO (SWIOTLB)
Dec 11 18:25:15 localhost kernel: Placing 64MB software IO TLB between ffff880020000000 - ffff880024000000
Dec 11 18:25:15 localhost kernel: software IO TLB at phys 0x20000000 - 0x24000000
Dec 11 18:25:15 localhost kernel: Memory: 7500996k/8896512k available (5336k kernel code, 1053260k absent, 342256k reserved, 7016k data, 1292k init)
Dec 11 18:25:15 localhost kernel: Hierarchical RCU implementation.
Dec 11 18:25:15 localhost kernel: NR_IRQS:33024 nr_irqs:440
Dec 11 18:25:15 localhost kernel: Extended CMOS year: 2000
Dec 11 18:25:15 localhost kernel: Console: colour VGA+ 80x25
Dec 11 18:25:15 localhost kernel: console [tty0] enabled
Dec 11 18:25:15 localhost kernel: allocated 31457280 bytes of page_cgroup
Dec 11 18:25:15 localhost kernel: please try 'cgroup_disable=memory' option if you don't want memory cgroups
Dec 11 18:25:15 localhost kernel: Fast TSC calibration using PIT
Dec 11 18:25:15 localhost kernel: Detected 2094.602 MHz processor.
Dec 11 18:25:15 localhost kernel: Calibrating delay loop (skipped), value calculated using timer frequency.. 4189.20 BogoMIPS (lpj=2094602)
Dec 11 18:25:15 localhost kernel: pid_max: default: 32768 minimum: 301
Dec 11 18:25:15 localhost kernel: Security Framework initialized
Dec 11 18:25:15 localhost kernel: SELinux:  Initializing.
Dec 11 18:25:15 localhost kernel: Dentry cache hash table entries: 1048576 (order: 11, 8388608 bytes)
Dec 11 18:25:15 localhost kernel: Inode-cache hash table entries: 524288 (order: 10, 4194304 bytes)
Dec 11 18:25:15 localhost kernel: Mount-cache hash table entries: 256
Dec 11 18:25:15 localhost kernel: Initializing cgroup subsys ns
Dec 11 18:25:15 localhost kernel: Initializing cgroup subsys cpuacct
Dec 11 18:25:15 localhost kernel: Initializing cgroup subsys memory
Dec 11 18:25:15 localhost kernel: Initializing cgroup subsys devices
Dec 11 18:25:15 localhost kernel: Initializing cgroup subsys freezer
Dec 11 18:25:15 localhost kernel: Initializing cgroup subsys net_cls
Dec 11 18:25:15 localhost kernel: Initializing cgroup subsys blkio
Dec 11 18:25:15 localhost kernel: Initializing cgroup subsys perf_event
Dec 11 18:25:15 localhost kernel: Initializing cgroup subsys net_prio
Dec 11 18:25:15 localhost kernel: CPU: Physical Processor ID: 0
Dec 11 18:25:15 localhost kernel: CPU: Processor Core ID: 0
Dec 11 18:25:15 localhost kernel: mce: CPU supports 6 MCE banks
Dec 11 18:25:15 localhost kernel: ACPI: Core revision 20090903
Dec 11 18:25:15 localhost kernel: ftrace: converting mcount calls to 0f 1f 44 00 00
Dec 11 18:25:15 localhost kernel: ftrace: allocating 21917 entries in 86 pages
Dec 11 18:25:15 localhost kernel: APIC routing finalized to flat.
Dec 11 18:25:15 localhost kernel: ..TIMER: vector=0x30 apic1=0 pin1=2 apic2=-1 pin2=-1
Dec 11 18:25:15 localhost kernel: CPU0: AMD A6-3500 APU with Radeon(tm) HD Graphics stepping 00
Dec 11 18:25:15 localhost kernel: Performance Events: AMD PMU driver.
Dec 11 18:25:15 localhost kernel: ... version:                0
Dec 11 18:25:15 localhost kernel: ... bit width:              48
Dec 11 18:25:15 localhost kernel: ... generic registers:      4
Dec 11 18:25:15 localhost kernel: ... value mask:             0000ffffffffffff
Dec 11 18:25:15 localhost kernel: ... max period:             00007fffffffffff
Dec 11 18:25:15 localhost kernel: ... fixed-purpose events:   0
Dec 11 18:25:15 localhost kernel: ... event mask:             000000000000000f
Dec 11 18:25:15 localhost kernel: NMI watchdog enabled, takes one hw-pmu counter.
Dec 11 18:25:15 localhost kernel: Booting Node   0, Processors  #1 #2
Dec 11 18:25:15 localhost kernel: Brought up 3 CPUs
Dec 11 18:25:15 localhost kernel: Total of 3 processors activated (12567.61 BogoMIPS).
Dec 11 18:25:15 localhost kernel: devtmpfs: initialized
Dec 11 18:25:15 localhost kernel: PM: Registering ACPI NVS region at bf940000 (2109440 bytes)
Dec 11 18:25:15 localhost kernel: PM: Registering ACPI NVS region at bfe29000 (315392 bytes)
Dec 11 18:25:15 localhost kernel: PM: Registering ACPI NVS region at bfe7f000 (12288 bytes)
Dec 11 18:25:15 localhost kernel: PM: Registering ACPI NVS region at bfeab000 (69632 bytes)
Dec 11 18:25:15 localhost kernel: PM: Registering ACPI NVS region at bfec9000 (4096 bytes)
Dec 11 18:25:15 localhost kernel: PM: Registering ACPI NVS region at bfeda000 (4096 bytes)
Dec 11 18:25:15 localhost kernel: PM: Registering ACPI NVS region at bfedc000 (24576 bytes)
Dec 11 18:25:15 localhost kernel: regulator: core version 0.5
Dec 11 18:25:15 localhost kernel: NET: Registered protocol family 16
Dec 11 18:25:15 localhost kernel: ACPI: bus type pci registered
Dec 11 18:25:15 localhost kernel: PCI: MCFG configuration 0: base e0000000 segment 0 buses 0 - 255
Dec 11 18:25:15 localhost kernel: PCI: MCFG area at e0000000 reserved in E820
Dec 11 18:25:15 localhost kernel: PCI: Using MMCONFIG at e0000000 - efffffff
Dec 11 18:25:15 localhost kernel: PCI: Using configuration type 1 for base access
Dec 11 18:25:15 localhost kernel: bio: create slab <bio-0> at 0
Dec 11 18:25:15 localhost kernel: ACPI: Executed 1 blocks of module-level executable AML code
Dec 11 18:25:15 localhost kernel: ACPI Error (psargs-0359): [RAMB] Namespace lookup failure, AE_NOT_FOUND
Dec 11 18:25:15 localhost kernel: ACPI Exception: AE_NOT_FOUND, Could not execute arguments for [RAMW] (Region) (20090903/nsinit-347)
Dec 11 18:25:15 localhost kernel: ACPI: Interpreter enabled
Dec 11 18:25:15 localhost kernel: ACPI: (supports S0 S3 S4 S5)
Dec 11 18:25:15 localhost kernel: ACPI: Using IOAPIC for interrupt routing
Dec 11 18:25:15 localhost kernel: ACPI: No dock devices found.
Dec 11 18:25:15 localhost kernel: PCI: Using host bridge windows from ACPI; if necessary, use "pci=nocrs" and report a bug
Dec 11 18:25:15 localhost kernel: ACPI: PCI Root Bridge [PCI0] (domain 0000 [bus 00-ff])
Dec 11 18:25:15 localhost kernel: pci_root PNP0A03:00: host bridge window [io  0x0000-0x03af]
Dec 11 18:25:15 localhost kernel: pci_root PNP0A03:00: host bridge window [io  0x03e0-0x0cf7]
Dec 11 18:25:15 localhost kernel: pci_root PNP0A03:00: host bridge window [io  0x03b0-0x03df]
Dec 11 18:25:15 localhost kernel: pci_root PNP0A03:00: host bridge window [io  0x1778-0xffff]
Dec 11 18:25:15 localhost kernel: pci_root PNP0A03:00: host bridge window [mem 0x000a0000-0x000bffff]
Dec 11 18:25:15 localhost kernel: pci_root PNP0A03:00: host bridge window [mem 0x000c0000-0x000dffff]
Dec 11 18:25:15 localhost kernel: pci_root PNP0A03:00: host bridge window [mem 0xc0000000-0xffffffff]
Dec 11 18:25:15 localhost kernel: PCI host bridge to bus 0000:00
Dec 11 18:25:15 localhost kernel: pci_bus 0000:00: root bus resource [io  0x0000-0x03af]
Dec 11 18:25:15 localhost kernel: pci_bus 0000:00: root bus resource [io  0x03e0-0x0cf7]
Dec 11 18:25:15 localhost kernel: pci_bus 0000:00: root bus resource [io  0x03b0-0x03df]
Dec 11 18:25:15 localhost kernel: pci_bus 0000:00: root bus resource [io  0x1778-0xffff]
Dec 11 18:25:15 localhost kernel: pci_bus 0000:00: root bus resource [mem 0x000a0000-0x000bffff]
Dec 11 18:25:15 localhost kernel: pci_bus 0000:00: root bus resource [mem 0x000c0000-0x000dffff]
Dec 11 18:25:15 localhost kernel: pci_bus 0000:00: root bus resource [mem 0xc0000000-0xffffffff]
Dec 11 18:25:15 localhost kernel: pci 0000:00:11.0: set SATA to AHCI mode
Dec 11 18:25:15 localhost kernel: pci 0000:00:12.2: PME# supported from D0 D1 D2 D3hot
Dec 11 18:25:15 localhost kernel: pci 0000:00:12.2: PME# disabled
Dec 11 18:25:15 localhost kernel: pci 0000:00:13.2: PME# supported from D0 D1 D2 D3hot
Dec 11 18:25:15 localhost kernel: pci 0000:00:13.2: PME# disabled
Dec 11 18:25:15 localhost kernel: pci 0000:00:14.2: PME# supported from D0 D3hot D3cold
Dec 11 18:25:15 localhost kernel: pci 0000:00:14.2: PME# disabled
Dec 11 18:25:15 localhost kernel: pci 0000:00:16.2: PME# supported from D0 D1 D2 D3hot
Dec 11 18:25:15 localhost kernel: pci 0000:00:16.2: PME# disabled
Dec 11 18:25:15 localhost kernel: pci 0000:00:14.4: PCI bridge to [bus 01-01] (subtractive decode)
Dec 11 18:25:15 localhost kernel: pci 0000:00:15.0: PCI bridge to [bus 02-02]
Dec 11 18:25:15 localhost kernel: pci 0000:03:00.0: PME# supported from D0 D1 D2 D3hot D3cold
Dec 11 18:25:15 localhost kernel: pci 0000:03:00.0: PME# disabled
Dec 11 18:25:15 localhost kernel: pci 0000:00:15.1: PCI bridge to [bus 03-03]
Dec 11 18:25:15 localhost kernel: pci0000:00: Requesting ACPI _OSC control (0x1d)
Dec 11 18:25:15 localhost kernel: pci0000:00: ACPI _OSC control (0x1d) granted
Dec 11 18:25:15 localhost kernel: ACPI: PCI Interrupt Link [LN24] (IRQs *24)
Dec 11 18:25:15 localhost kernel: ACPI: PCI Interrupt Link [LN25] (IRQs *25)
Dec 11 18:25:15 localhost kernel: ACPI: PCI Interrupt Link [LN26] (IRQs *26)
Dec 11 18:25:15 localhost kernel: ACPI: PCI Interrupt Link [LN27] (IRQs *27)
Dec 11 18:25:15 localhost kernel: ACPI: PCI Interrupt Link [LN28] (IRQs *28)
Dec 11 18:25:15 localhost kernel: ACPI: PCI Interrupt Link [LN29] (IRQs *29)
Dec 11 18:25:15 localhost kernel: ACPI: PCI Interrupt Link [LN30] (IRQs *30)
Dec 11 18:25:15 localhost kernel: ACPI: PCI Interrupt Link [LN31] (IRQs *31)
Dec 11 18:25:15 localhost kernel: ACPI: PCI Interrupt Link [LN32] (IRQs *32)
Dec 11 18:25:15 localhost kernel: ACPI: PCI Interrupt Link [LN33] (IRQs *33)
Dec 11 18:25:15 localhost kernel: ACPI: PCI Interrupt Link [LN34] (IRQs *34)
Dec 11 18:25:15 localhost kernel: ACPI: PCI Interrupt Link [LN35] (IRQs *35)
Dec 11 18:25:15 localhost kernel: ACPI: PCI Interrupt Link [LN36] (IRQs *36)
Dec 11 18:25:15 localhost kernel: ACPI: PCI Interrupt Link [LN37] (IRQs *37)
Dec 11 18:25:15 localhost kernel: ACPI: PCI Interrupt Link [LN38] (IRQs *38)
Dec 11 18:25:15 localhost kernel: ACPI: PCI Interrupt Link [LN39] (IRQs *39)
Dec 11 18:25:15 localhost kernel: ACPI: PCI Interrupt Link [LN40] (IRQs *40)
Dec 11 18:25:15 localhost kernel: ACPI: PCI Interrupt Link [LN41] (IRQs *41)
Dec 11 18:25:15 localhost kernel: ACPI: PCI Interrupt Link [LN42] (IRQs *42)
Dec 11 18:25:15 localhost kernel: ACPI: PCI Interrupt Link [LN43] (IRQs *43)
Dec 11 18:25:15 localhost kernel: ACPI: PCI Interrupt Link [LN44] (IRQs *44)
Dec 11 18:25:15 localhost kernel: ACPI: PCI Interrupt Link [LN45] (IRQs *45)
Dec 11 18:25:15 localhost kernel: ACPI: PCI Interrupt Link [LN46] (IRQs *46)
Dec 11 18:25:15 localhost kernel: ACPI: PCI Interrupt Link [LN47] (IRQs *47)
Dec 11 18:25:15 localhost kernel: ACPI: PCI Interrupt Link [LN48] (IRQs *48)
Dec 11 18:25:15 localhost kernel: ACPI: PCI Interrupt Link [LN49] (IRQs *49)
Dec 11 18:25:15 localhost kernel: ACPI: PCI Interrupt Link [LN50] (IRQs *50)
Dec 11 18:25:15 localhost kernel: ACPI: PCI Interrupt Link [LN51] (IRQs *51)
Dec 11 18:25:15 localhost kernel: ACPI: PCI Interrupt Link [LN52] (IRQs *52)
Dec 11 18:25:15 localhost kernel: ACPI: PCI Interrupt Link [LN53] (IRQs *53)
Dec 11 18:25:15 localhost kernel: ACPI: PCI Interrupt Link [LN54] (IRQs *54)
Dec 11 18:25:15 localhost kernel: ACPI: PCI Interrupt Link [LN55] (IRQs *55)
Dec 11 18:25:15 localhost kernel: ACPI: PCI Interrupt Link [LNKA] (IRQs 4 5 10 11 14 15) *0
Dec 11 18:25:15 localhost kernel: ACPI: PCI Interrupt Link [LNKB] (IRQs 4 5 10 11 14 15) *0
Dec 11 18:25:15 localhost kernel: ACPI: PCI Interrupt Link [LNKC] (IRQs 4 5 10 11 14 15) *0
Dec 11 18:25:15 localhost kernel: ACPI: PCI Interrupt Link [LNKD] (IRQs 4 10 11 14 15) *0
Dec 11 18:25:15 localhost kernel: ACPI: PCI Interrupt Link [LNKE] (IRQs 4 5 10 11 14 15) *0
Dec 11 18:25:15 localhost kernel: ACPI: PCI Interrupt Link [LNKF] (IRQs 4 5 10 11 14 15) *0
Dec 11 18:25:15 localhost kernel: ACPI: PCI Interrupt Link [LNKG] (IRQs 4 5 10 11 14 15) *0
Dec 11 18:25:15 localhost kernel: ACPI: PCI Interrupt Link [LNKH] (IRQs 4 5 10 11 14 15) *0
Dec 11 18:25:15 localhost kernel: vgaarb: device added: PCI:0000:00:01.0,decodes=io+mem,owns=io+mem,locks=none
Dec 11 18:25:15 localhost kernel: vgaarb: loaded
Dec 11 18:25:15 localhost kernel: vgaarb: bridge control possible 0000:00:01.0
Dec 11 18:25:15 localhost kernel: SCSI subsystem initialized
Dec 11 18:25:15 localhost kernel: usbcore: registered new interface driver usbfs
Dec 11 18:25:15 localhost kernel: usbcore: registered new interface driver hub
Dec 11 18:25:15 localhost kernel: usbcore: registered new device driver usb
Dec 11 18:25:15 localhost kernel: PCI: Using ACPI for IRQ routing
Dec 11 18:25:15 localhost kernel: NetLabel: Initializing
Dec 11 18:25:15 localhost kernel: NetLabel:  domain hash size = 128
Dec 11 18:25:15 localhost kernel: NetLabel:  protocols = UNLABELED CIPSOv4
Dec 11 18:25:15 localhost kernel: NetLabel:  unlabeled traffic allowed by default
Dec 11 18:25:15 localhost kernel: HPET: 3 timers in total, 0 timers will be used for per-cpu timer
Dec 11 18:25:15 localhost kernel: hpet0: at MMIO 0xfed00000, IRQs 2, 8, 0
Dec 11 18:25:15 localhost kernel: hpet0: 3 comparators, 32-bit 14.318180 MHz counter
Dec 11 18:25:15 localhost kernel: Switching to clocksource hpet
Dec 11 18:25:15 localhost kernel: pnp: PnP ACPI init
Dec 11 18:25:15 localhost kernel: ACPI: bus type pnp registered
Dec 11 18:25:15 localhost kernel: pnp: PnP ACPI: found 12 devices
Dec 11 18:25:15 localhost kernel: ACPI: ACPI bus type pnp unregistered
Dec 11 18:25:15 localhost kernel: system 00:01: [mem 0xe0000000-0xefffffff] has been reserved
Dec 11 18:25:15 localhost kernel: system 00:02: [io  0x04d0-0x04d1] has been reserved
Dec 11 18:25:15 localhost kernel: system 00:02: [io  0x040b] has been reserved
Dec 11 18:25:15 localhost kernel: system 00:02: [io  0x04d6] has been reserved
Dec 11 18:25:15 localhost kernel: system 00:02: [io  0x0c00-0x0c01] has been reserved
Dec 11 18:25:15 localhost kernel: system 00:02: [io  0x0c14] has been reserved
Dec 11 18:25:15 localhost kernel: system 00:02: [io  0x0c50-0x0c51] has been reserved
Dec 11 18:25:15 localhost kernel: system 00:02: [io  0x0c52] has been reserved
Dec 11 18:25:15 localhost kernel: system 00:02: [io  0x0c6c] has been reserved
Dec 11 18:25:15 localhost kernel: system 00:02: [io  0x0c6f] has been reserved
Dec 11 18:25:15 localhost kernel: system 00:02: [io  0x0cd0-0x0cd1] has been reserved
Dec 11 18:25:15 localhost kernel: system 00:02: [io  0x0cd2-0x0cd3] has been reserved
Dec 11 18:25:15 localhost kernel: system 00:02: [io  0x0cd4-0x0cd5] has been reserved
Dec 11 18:25:15 localhost kernel: system 00:02: [io  0x0cd6-0x0cd7] has been reserved
